Archive member included to satisfy reference by file (symbol)

C:/Users/Manu/ncs/v1.5.1-rc1/toolchain/segger_embedded_studio/lib/libm_v7em_fpv4_sp_d16_hard_t_le_eabi.a(libm_asm.o)
                              build/light_switch_server_nrf52840_xxAA_s140_7.2.0_Release/obj/friend.o (__aeabi_dadd)
C:/Users/Manu/ncs/v1.5.1-rc1/toolchain/segger_embedded_studio/lib/libc_v7em_fpv4_sp_d16_hard_t_le_eabi.a(libc_asm.o)
                              build/light_switch_server_nrf52840_xxAA_s140_7.2.0_Release/obj/rtt_input.o (__aeabi_uldivmod)
C:/Users/Manu/ncs/v1.5.1-rc1/toolchain/segger_embedded_studio/lib/libc_v7em_fpv4_sp_d16_hard_t_le_eabi.a(libc2.o)
                              build/light_switch_server_nrf52840_xxAA_s140_7.2.0_Release/obj/mesh_mem_stdlib.o (malloc)
C:/Users/Manu/ncs/v1.5.1-rc1/toolchain/segger_embedded_studio/lib/libc_v7em_fpv4_sp_d16_hard_t_le_eabi.a(libc2_asm.o)
                              build/light_switch_server_nrf52840_xxAA_s140_7.2.0_Release/obj/transport.o (memcpy)
C:/Users/Manu/ncs/v1.5.1-rc1/toolchain/segger_embedded_studio/lib/libc_v7em_fpv4_sp_d16_hard_t_le_eabi.a(libvfprintf.o)
                              (__vfprintf_int)
C:/Users/Manu/ncs/v1.5.1-rc1/toolchain/segger_embedded_studio/lib/libc_v7em_fpv4_sp_d16_hard_t_le_eabi.a(libvfscanf.o)
                              (__vfscanf_int)
C:/Users/Manu/ncs/v1.5.1-rc1/toolchain/segger_embedded_studio/lib/libc_v7em_fpv4_sp_d16_hard_t_le_eabi.a(libc.o)
                              C:/Users/Manu/ncs/v1.5.1-rc1/toolchain/segger_embedded_studio/lib/libc_v7em_fpv4_sp_d16_hard_t_le_eabi.a(libc2.o) (__heap_lock)
C:/Users/Manu/ncs/v1.5.1-rc1/toolchain/segger_embedded_studio/lib/libdebugio_v7em_fpv4_sp_d16_hard_t_le_eabi.a(libdebugio.o)
                              build/light_switch_server_nrf52840_xxAA_s140_7.2.0_Release/obj/thumb_crt0.o (debug_fopen)
C:/Users/Manu/ncs/v1.5.1-rc1/toolchain/segger_embedded_studio/lib/libdebugio_v7em_fpv4_sp_d16_hard_t_le_eabi.a(do_nv_debug_operation.o)
                              C:/Users/Manu/ncs/v1.5.1-rc1/toolchain/segger_embedded_studio/lib/libdebugio_v7em_fpv4_sp_d16_hard_t_le_eabi.a(libdebugio.o) (__do_nvdebug_operation)
C:/Users/Manu/ncs/v1.5.1-rc1/toolchain/segger_embedded_studio/lib/libdebugio_v7em_fpv4_sp_d16_hard_t_le_eabi.a(mempoll_debug_operations.o)
                              (__do_debug_operation_mempoll)
C:/Users/Manu/ncs/v1.5.1-rc1/toolchain/segger_embedded_studio/lib/libm_v7em_fpv4_sp_d16_hard_t_le_eabi.a(libm2.o)
                              C:/Users/Manu/ncs/v1.5.1-rc1/toolchain/segger_embedded_studio/lib/libc_v7em_fpv4_sp_d16_hard_t_le_eabi.a(libvfprintf.o) (frexp)

Discarded input sections

 .text          0x0000000000000000        0x0 build/light_switch_server_nrf52840_xxAA_s140_7.2.0_Release/obj/main.o
 .data          0x0000000000000000        0x0 build/light_switch_server_nrf52840_xxAA_s140_7.2.0_Release/obj/main.o
 .bss           0x0000000000000000        0x0 build/light_switch_server_nrf52840_xxAA_s140_7.2.0_Release/obj/main.o
 .text          0x0000000000000000        0x0 build/light_switch_server_nrf52840_xxAA_s140_7.2.0_Release/obj/app_onoff.o
 .data          0x0000000000000000        0x0 build/light_switch_server_nrf52840_xxAA_s140_7.2.0_Release/obj/app_onoff.o
 .bss           0x0000000000000000        0x0 build/light_switch_server_nrf52840_xxAA_s140_7.2.0_Release/obj/app_onoff.o
 .text          0x0000000000000000        0x0 build/light_switch_server_nrf52840_xxAA_s140_7.2.0_Release/obj/app_dtt.o
 .data          0x0000000000000000        0x0 build/light_switch_server_nrf52840_xxAA_s140_7.2.0_Release/obj/app_dtt.o
 .bss           0x0000000000000000        0x0 build/light_switch_server_nrf52840_xxAA_s140_7.2.0_Release/obj/app_dtt.o
 .text          0x0000000000000000        0x0 build/light_switch_server_nrf52840_xxAA_s140_7.2.0_Release/obj/app_scene.o
 .data          0x0000000000000000        0x0 build/light_switch_server_nrf52840_xxAA_s140_7.2.0_Release/obj/app_scene.o
 .bss           0x0000000000000000        0x0 build/light_switch_server_nrf52840_xxAA_s140_7.2.0_Release/obj/app_scene.o
 .text          0x0000000000000000        0x0 build/light_switch_server_nrf52840_xxAA_s140_7.2.0_Release/obj/mesh_provisionee.o
 .data          0x0000000000000000        0x0 build/light_switch_server_nrf52840_xxAA_s140_7.2.0_Release/obj/mesh_provisionee.o
 .bss           0x0000000000000000        0x0 build/light_switch_server_nrf52840_xxAA_s140_7.2.0_Release/obj/mesh_provisionee.o
 .text.mesh_provisionee_prov_listen_stop
                0x0000000000000000        0xc build/light_switch_server_nrf52840_xxAA_s140_7.2.0_Release/obj/mesh_provisionee.o
 .text          0x0000000000000000        0x0 build/light_switch_server_nrf52840_xxAA_s140_7.2.0_Release/obj/rtt_input.o
 .data          0x0000000000000000        0x0 build/light_switch_server_nrf52840_xxAA_s140_7.2.0_Release/obj/rtt_input.o
[...]
Memory Configuration

Name             Origin             Length             Attributes
UNPLACED_SECTIONS 0x0000000100000000 0x0000000000000000 xw
RAM1             0x0000000020000000 0x000000000003f000 xw
FLASH            0x0000000000000000 0x00000000000f8000 xw
*default*        0x0000000000000000 0xffffffffffffffff

Linker script and memory map

                0x0000000000000000                __do_debug_operation = __do_debug_operation_mempoll
                0x0000000000000000                __vfprintf = __vfprintf_int
                0x0000000000000000                __vfscanf = __vfscanf_int
                0x0000000020000000                __RAM1_segment_start__ = 0x20000000
                0x000000002003f000                __RAM1_segment_end__ = 0x2003f000
                0x000000000003f000                __RAM1_segment_size__ = 0x3f000
                0x0000000000000000                __FLASH_segment_start__ = 0x0
                0x00000000000f8000                __FLASH_segment_end__ = 0xf8000
                0x00000000000f8000                __FLASH_segment_size__ = 0xf8000
                0x0000000000000400                __HEAPSIZE__ = 0x400
                0x0000000000000000                __STACKSIZE_PROCESS__ = 0x0
                0x0000000000000800                __STACKSIZE__ = 0x800
                0x0000000020000000                __reserved_ram_load_start__ = 0x20000000

.reserved_ram   0x0000000020000000     0x2e00
                0x0000000020000000                __reserved_ram_start__ = .
 *(.reserved_ram .reserved_ram.*)
                0x0000000020002e00                . = MAX (((__reserved_ram_start__ + 0x20002e00) - 0x20000000), .)
 *fill*         0x0000000020000000     0x2e00 
                0x0000000020002e00                __reserved_ram_end__ = (__reserved_ram_start__ + SIZEOF (.reserved_ram))
                0x0000000000002e00                __reserved_ram_size__ = SIZEOF (.reserved_ram)
                0x0000000020002e00                __reserved_ram_load_end__ = __reserved_ram_end__
                0x0000000000000001                . = ASSERT (((__reserved_ram_start__ == __reserved_ram_end__) || ((__reserved_ram_end__ - __RAM1_segment_start__) <= __RAM1_segment_size__)), error: .reserved_ram is too large to fit in RAM1 memory segment)
                0x0000000020002e00                __vectors_ram_load_start__ = 0x20002e00

.vectors_ram    0x0000000020002e00        0x0
                0x0000000020002e00                __vectors_ram_start__ = .
                0x0000000020002e00                __app_ram_start__ = __vectors_ram_start__
 *(.vectors_ram .vectors_ram.*)
                0x0000000020002e00                __vectors_ram_end__ = (__vectors_ram_start__ + SIZEOF (.vectors_ram))
                0x0000000000000000                __vectors_ram_size__ = SIZEOF (.vectors_ram)
                0x0000000020002e00                __vectors_ram_load_end__ = __vectors_ram_end__
                0x0000000000000001                . = ASSERT (((__vectors_ram_start__ == __vectors_ram_end__) || ((__vectors_ram_end__ - __RAM1_segment_start__) <= __RAM1_segment_size__)), error: .vectors_ram is too large to fit in RAM1 memory segment)
                0x0000000000000001                . = ASSERT ((__reserved_ram_end__ <= __vectors_ram_start__), error: section .reserved_ram overlaps absolute placed section .vectors_ram)
                0x0000000020002e00                __nrf_sections_run_load_start__ = ALIGN (__vectors_ram_end__, 0x4)

.nrf_sections_run
                0x0000000020002e00        0x0
                0x0000000020002e00                __nrf_sections_run_start__ = .
                0x0000000020002e00                __start_nrf_sections_run = __nrf_sections_run_start__
 *(.nrf_sections_run .nrf_sections_run.*)
                0x0000000020002e00                __nrf_sections_run_end__ = (__nrf_sections_run_start__ + SIZEOF (.nrf_sections_run))
                0x0000000000000000                __nrf_sections_run_size__ = SIZEOF (.nrf_sections_run)
                0x0000000020002e00                __nrf_sections_run_load_end__ = __nrf_sections_run_end__
                0x0000000000000001                . = ASSERT (((__nrf_sections_run_start__ == __nrf_sections_run_end__) || ((__nrf_sections_run_end__ - __RAM1_segment_start__) <= __RAM1_segment_size__)), error: .nrf_sections_run is too large to fit in RAM1 memory segment)
                0x0000000000000000                __reserved_flash_load_start__ = 0x0

.reserved_flash
                0x0000000000000000    0x27000
                0x0000000000000000                __reserved_flash_start__ = .
 *(.reserved_flash .reserved_flash.*)
                0x0000000000027000                . = MAX (((__reserved_flash_start__ + 0x27000) - 0x0), .)
 *fill*         0x0000000000000000    0x27000 
                0x0000000000027000                __reserved_flash_end__ = (__reserved_flash_start__ + SIZEOF (.reserved_flash))
                0x0000000000027000                __reserved_flash_size__ = SIZEOF (.reserved_flash)
                0x0000000000027000                __reserved_flash_load_end__ = __reserved_flash_end__
                0x0000000000000001                . = ASSERT (((__reserved_flash_start__ == __reserved_flash_end__) || ((__reserved_flash_end__ - __FLASH_segment_start__) <= __FLASH_segment_size__)), error: .reserved_flash is too large to fit in FLASH memory segment)
                0x0000000000027000                __vectors_load_start__ = 0x27000

.vectors        0x0000000000027000      0x200
                0x0000000000027000                __vectors_start__ = .
 *(.vectors .vectors.*)
 .vectors       0x0000000000027000      0x200 build/light_switch_server_nrf52840_xxAA_s140_7.2.0_Release/obj/ses_startup_nrf52840.o
                0x0000000000027000                _vectors
                0x0000000000027200                __vectors_end__ = (__vectors_start__ + SIZEOF (.vectors))
                0x0000000000000200                __vectors_size__ = SIZEOF (.vectors)
                0x0000000000027200                __vectors_load_end__ = __vectors_end__
                0x0000000000000001                . = ASSERT (((__vectors_start__ == __vectors_end__) || ((__vectors_end__ - __FLASH_segment_start__) <= __FLASH_segment_size__)), error: .vectors is too large to fit in FLASH memory segment)
                0x0000000000000001                . = ASSERT ((__reserved_flash_end__ <= __vectors_start__), error: section .reserved_flash overlaps absolute placed section .vectors)
                0x0000000000027200                __init_load_start__ = ALIGN (__vectors_end__, 0x4)

.init           0x0000000000027200      0x1a0
                0x0000000000027200                __init_start__ = .
 *(.init .init.*)
 .init          0x0000000000027200      0x154 build/light_switch_server_nrf52840_xxAA_s140_7.2.0_Release/obj/thumb_crt0.o
                0x0000000000027200                _start
                0x00000000000272b0                exit
 .init          0x0000000000027354       0x18 build/light_switch_server_nrf52840_xxAA_s140_7.2.0_Release/obj/ses_startup_nrf52840.o
                0x0000000000027354                NMI_Handler
                0x0000000000027356                HardFault_Handler
                0x0000000000027358                MemoryManagement_Handler
                0x000000000002735a                BusFault_Handler
                0x000000000002735c                UsageFault_Handler
                0x000000000002735e                SVC_Handler
                0x0000000000027360                DebugMon_Handler
                0x0000000000027362                PendSV_Handler
                0x0000000000027364                SysTick_Handler
                0x0000000000027366                RADIO_IRQHandler
                0x0000000000027366                PDM_IRQHandler
                0x0000000000027366                TEMP_IRQHandler
                0x0000000000027366                TIMER3_IRQHandler
                0x0000000000027366                PWM3_IRQHandler
                0x0000000000027366                FPU_IRQHandler
                0x0000000000027366                POWER_CLOCK_IRQHandler
                0x0000000000027366                SPIM0_SPIS0_TWIM0_TWIS0_SPI0_TWI0_IRQHandler
                0x0000000000027366                PWM1_IRQHandler
                0x0000000000027366                UARTE0_UART0_IRQHandler
                0x0000000000027366                TIMER4_IRQHandler
                0x0000000000027366                CRYPTOCELL_IRQHandler
                0x0000000000027366                I2S_IRQHandler
                0x0000000000027366                SWI4_EGU4_IRQHandler
                0x0000000000027366                USBD_IRQHandler
                0x0000000000027366                UARTE1_IRQHandler
                0x0000000000027366                Dummy_Handler
                0x0000000000027366                TIMER1_IRQHandler
                0x0000000000027366                SPIM3_IRQHandler
                0x0000000000027366                PWM2_IRQHandler
                0x0000000000027366                ECB_IRQHandler
                0x0000000000027366                SPIM1_SPIS1_TWIM1_TWIS1_SPI1_TWI1_IRQHandler
                0x0000000000027366                SAADC_IRQHandler
                0x0000000000027366                CCM_AAR_IRQHandler
                0x0000000000027366                WDT_IRQHandler
                0x0000000000027366                QSPI_IRQHandler
                0x0000000000027366                SWI5_EGU5_IRQHandler
                0x0000000000027366                RNG_IRQHandler
                0x0000000000027366                RTC2_IRQHandler
                0x0000000000027366                PWM0_IRQHandler
                0x0000000000027366                SWI3_EGU3_IRQHandler
                0x0000000000027366                SWI1_EGU1_IRQHandler
                0x0000000000027366                SPIM2_SPIS2_SPI2_IRQHandler
                0x0000000000027366                NFCT_IRQHandler
                0x0000000000027366                RTC0_IRQHandler
                0x0000000000027366                MWU_IRQHandler
                0x0000000000027366                TIMER0_IRQHandler
                0x0000000000027366                COMP_LPCOMP_IRQHandler
                0x0000000000027368                nRFInitialize
 .init          0x000000000002736c       0x34 build/light_switch_server_nrf52840_xxAA_s140_7.2.0_Release/obj/ses_startup_nrf_common.o
                0x000000000002736c                Reset_Handler
                0x0000000000027370                afterInitialize
                0x00000000000273a0                __init_end__ = (__init_start__ + SIZEOF (.init))
                0x00000000000001a0                __init_size__ = SIZEOF (.init)
                0x00000000000273a0                __init_load_end__ = __init_end__
                0x0000000000000001                . = ASSERT (((__init_start__ == __init_end__) || ((__init_end__ - __FLASH_segment_start__) <= __FLASH_segment_size__)), error: .init is too large to fit in FLASH memory segment)
                0x00000000000273a0                __init_rodata_load_start__ = ALIGN (__init_end__, 0x4)

.init_rodata    0x00000000000273a0        0x0
                0x00000000000273a0                __init_rodata_start__ = .
 *(.init_rodata .init_rodata.*)
                0x00000000000273a0                __init_rodata_end__ = (__init_rodata_start__ + SIZEOF (.init_rodata))
                0x0000000000000000                __init_rodata_size__ = SIZEOF (.init_rodata)
                0x00000000000273a0                __init_rodata_load_end__ = __init_rodata_end__
                0x0000000000000001                . = ASSERT (((__init_rodata_start__ == __init_rodata_end__) || ((__init_rodata_end__ - __FLASH_segment_start__) <= __FLASH_segment_size__)), error: .init_rodata is too large to fit in FLASH memory segment)
                0x00000000000273a0                __text_load_start__ = ALIGN (__init_rodata_end__, 0x4)

.text           0x00000000000273a0    0x1c6fa
                0x00000000000273a0                __text_start__ = .
 *(.text .text.* .glue_7t .glue_7 .gnu.linkonce.t.* .gcc_except_table .ARM.extab* .gnu.linkonce.armextab.*)
 .glue_7        0x00000000000273a0        0x0 linker stubs
 .glue_7t       0x00000000000273a0        0x0 linker stubs
 .text.sd_app_evt_wait
                0x00000000000273a0        0x4 build/light_switch_server_nrf52840_xxAA_s140_7.2.0_Release/obj/main.o
 .text.app_onoff_server_get_cb
                0x00000000000273a4        0xe build/light_switch_server_nrf52840_xxAA_s140_7.2.0_Release/obj/main.o
 *fill*         0x00000000000273b2        0x2 
 .text.app_onoff_server_set_cb
                0x00000000000273b4       0x4c build/light_switch_server_nrf52840_xxAA_s140_7.2.0_Release/obj/main.o
 .text.node_reset
                0x0000000000027400       0x54 build/light_switch_server_nrf52840_xxAA_s140_7.2.0_Release/obj/main.o
 .text.button_event_handler
                0x0000000000027454       0xf4 build/light_switch_server_nrf52840_xxAA_s140_7.2.0_Release/obj/main.o
 .text.config_server_evt_cb
                0x0000000000027548        0xc build/light_switch_server_nrf52840_xxAA_s140_7.2.0_Release/obj/main.o
 .text.models_init_cb
                0x0000000000027554      0x134 build/light_switch_server_nrf52840_xxAA_s140_7.2.0_Release/obj/main.o
 .text.device_identification_start_cb
                0x0000000000027688       0x1e build/light_switch_server_nrf52840_xxAA_s140_7.2.0_Release/obj/main.o
 .text.provisioning_aborted_cb
                0x00000000000276a6        0x4 build/light_switch_server_nrf52840_xxAA_s140_7.2.0_Release/obj/main.o
 *fill*         0x00000000000276aa        0x2 
 .text.unicast_address_print
                0x00000000000276ac       0x50 build/light_switch_server_nrf52840_xxAA_s140_7.2.0_Release/obj/main.o
 .text.provisioning_complete_cb
                0x00000000000276fc       0x64 build/light_switch_server_nrf52840_xxAA_s140_7.2.0_Release/obj/main.o
 .text.app_onoff_server_transition_cb
                0x0000000000027760       0x44 build/light_switch_server_nrf52840_xxAA_s140_7.2.0_Release/obj/main.o
 .text.app_onoff_scene_transition_cb
                0x00000000000277a4       0x44 build/light_switch_server_nrf52840_xxAA_s140_7.2.0_Release/obj/main.o
 .text.app_rtt_input_handler
                0x00000000000277e8       0x54 build/light_switch_server_nrf52840_xxAA_s140_7.2.0_Release/obj/main.o
 .text.mesh_events_handle
                0x000000000002783c       0x20 build/light_switch_server_nrf52840_xxAA_s140_7.2.0_Release/obj/main.o
 .text.startup.main
                0x000000000002785c      0x1cc build/light_switch_server_nrf52840_xxAA_s140_7.2.0_Release/obj/main.o
                0x000000000002785c                main
 .text.app_onoff_scene_delete
                0x0000000000027a28        0x6 build/light_switch_server_nrf52840_xxAA_s140_7.2.0_Release/obj/app_onoff.o
 *fill*         0x0000000000027a2e        0x2 
 .text.app_onoff_scene_recall
                0x0000000000027a30       0x68 build/light_switch_server_nrf52840_xxAA_s140_7.2.0_Release/obj/app_onoff.o
 .text.app_onoff_scene_store
                0x0000000000027a98       0x28 build/light_switch_server_nrf52840_xxAA_s140_7.2.0_Release/obj/app_onoff.o
 .text.generic_onoff_state_get_cb
                0x0000000000027ac0       0x64 build/light_switch_server_nrf52840_xxAA_s140_7.2.0_Release/obj/app_onoff.o
 .text.transition_complete_cb
                0x0000000000027b24       0x52 build/light_switch_server_nrf52840_xxAA_s140_7.2.0_Release/obj/app_onoff.o
 *fill*         0x0000000000027b76        0x2 
 .text.generic_onoff_state_set_cb
                0x0000000000027b78       0xd8 build/light_switch_server_nrf52840_xxAA_s140_7.2.0_Release/obj/app_onoff.o
 .text.transition_start_cb
                0x0000000000027c50       0x60 build/light_switch_server_nrf52840_xxAA_s140_7.2.0_Release/obj/app_onoff.o
 .text.app_onoff_status_publish
                0x0000000000027cb0       0x64 build/light_switch_server_nrf52840_xxAA_s140_7.2.0_Release/obj/app_onoff.o
                0x0000000000027cb0                app_onoff_status_publish
 .text.app_onoff_init
                0x0000000000027d14       0x6c build/light_switch_server_nrf52840_xxAA_s140_7.2.0_Release/obj/app_onoff.o
                0x0000000000027d14                app_onoff_init
 .text.app_onoff_value_restore
                0x0000000000027d80       0x30 build/light_switch_server_nrf52840_xxAA_s140_7.2.0_Release/obj/app_onoff.o
                0x0000000000027d80                app_onoff_value_restore
 .text.app_onoff_scene_context_set
                0x0000000000027db0       0x10 build/light_switch_server_nrf52840_xxAA_s140_7.2.0_Release/obj/app_onoff.o
                0x0000000000027db0                app_onoff_scene_context_set
 .text.generic_dtt_state_get_cb
                0x0000000000027dc0       0x20 build/light_switch_server_nrf52840_xxAA_s140_7.2.0_Release/obj/app_dtt.o
 .text.generic_dtt_state_set_cb
                0x0000000000027de0       0x20 build/light_switch_server_nrf52840_xxAA_s140_7.2.0_Release/obj/app_dtt.o
 .text.app_dtt_init
                0x0000000000027e00       0x24 build/light_switch_server_nrf52840_xxAA_s140_7.2.0_Release/obj/app_dtt.o
                0x0000000000027e00                app_dtt_init
 .text.transition_start_cb
                0x0000000000027e24       0x78 build/light_switch_server_nrf52840_xxAA_s140_7.2.0_Release/obj/app_scene.o
 .text.scene_register_copy
                0x0000000000027e9c       0x30 build/light_switch_server_nrf52840_xxAA_s140_7.2.0_Release/obj/app_scene.o
 .text.scene_state_get_cb
                0x0000000000027ecc       0x90 build/light_switch_server_nrf52840_xxAA_s140_7.2.0_Release/obj/app_scene.o
 .text.scene_state_delete_cb
                0x0000000000027f5c       0xc4 build/light_switch_server_nrf52840_xxAA_s140_7.2.0_Release/obj/app_scene.o
 .text.scene_state_store_cb
                0x0000000000028020       0xb0 build/light_switch_server_nrf52840_xxAA_s140_7.2.0_Release/obj/app_scene.o
 .text.transition_delay_start_cb
                0x00000000000280d0       0x48 build/light_switch_server_nrf52840_xxAA_s140_7.2.0_Release/obj/app_scene.o
 .text.scene_state_register_get_cb
                0x0000000000028118       0x64 build/light_switch_server_nrf52840_xxAA_s140_7.2.0_Release/obj/app_scene.o
 .text.scene_state_recall_cb
                0x000000000002817c      0x15c build/light_switch_server_nrf52840_xxAA_s140_7.2.0_Release/obj/app_scene.o
 .text.transition_complete_cb
                0x00000000000282d8       0x90 build/light_switch_server_nrf52840_xxAA_s140_7.2.0_Release/obj/app_scene.o
 .text.app_scene_model_init
                0x0000000000028368       0x60 build/light_switch_server_nrf52840_xxAA_s140_7.2.0_Release/obj/app_scene.o
                0x0000000000028368                app_scene_model_init
 .text.app_scene_model_add
                0x00000000000283c8       0x20 build/light_switch_server_nrf52840_xxAA_s140_7.2.0_Release/obj/app_scene.o
                0x00000000000283c8                app_scene_model_add
 .text.app_scene_model_scene_changed
                0x00000000000283e8        0x8 build/light_switch_server_nrf52840_xxAA_s140_7.2.0_Release/obj/app_scene.o
                0x00000000000283e8                app_scene_model_scene_changed
 .text.sd_ble_cfg_set
                0x00000000000283f0        0x4 build/light_switch_server_nrf52840_xxAA_s140_7.2.0_Release/obj/mesh_provisionee.o
 .text.power_down_evt_handle
                0x00000000000283f4       0x14 build/light_switch_server_nrf52840_xxAA_s140_7.2.0_Release/obj/mesh_provisionee.o
 .text.sd_state_evt_handler
                0x0000000000028408       0xd4 build/light_switch_server_nrf52840_xxAA_s140_7.2.0_Release/obj/mesh_provisionee.o
 .text.mesh_evt_handler
                0x00000000000284dc       0x2c build/light_switch_server_nrf52840_xxAA_s140_7.2.0_Release/obj/mesh_provisionee.o
 .text.provisionee_start
                0x0000000000028508       0x3c build/light_switch_server_nrf52840_xxAA_s140_7.2.0_Release/obj/mesh_provisionee.o
 .text.prov_evt_handler
                0x0000000000028544       0xbc build/light_switch_server_nrf52840_xxAA_s140_7.2.0_Release/obj/mesh_provisionee.o
 .text.mesh_provisionee_prov_start
                0x0000000000028600       0x9c build/light_switch_server_nrf52840_xxAA_s140_7.2.0_Release/obj/mesh_provisionee.o
                0x0000000000028600                mesh_provisionee_prov_start
 .text.timeout_handler
                0x000000000002869c       0x1c build/light_switch_server_nrf52840_xxAA_s140_7.2.0_Release/obj/rtt_input.o
                0x000000000002869c                timeout_handler
 .text.rtt_input_enable
                0x00000000000286b8       0x68 build/light_switch_server_nrf52840_xxAA_s140_7.2.0_Release/obj/rtt_input.o
                0x00000000000286b8                rtt_input_enable
 .text.button_event_handler
                0x0000000000028720       0x58 build/light_switch_server_nrf52840_xxAA_s140_7.2.0_Release/obj/simple_hal.o
 .text.hal_led_pin_get
                0x0000000000028778       0x24 build/light_switch_server_nrf52840_xxAA_s140_7.2.0_Release/obj/simple_hal.o
                0x0000000000028778                hal_led_pin_get
 .text.hal_led_pin_set
                0x000000000002879c        0xa build/light_switch_server_nrf52840_xxAA_s140_7.2.0_Release/obj/simple_hal.o
                0x000000000002879c                hal_led_pin_set
 *fill*         0x00000000000287a6        0x2 
 .text.led_timeout_handler
                0x00000000000287a8       0x90 build/light_switch_server_nrf52840_xxAA_s140_7.2.0_Release/obj/simple_hal.o
 .text.hal_led_mask_set
                0x0000000000028838       0x2c build/light_switch_server_nrf52840_xxAA_s140_7.2.0_Release/obj/simple_hal.o
                0x0000000000028838                hal_led_mask_set
 .text.hal_led_blink_ms
                0x0000000000028864       0x8c build/light_switch_server_nrf52840_xxAA_s140_7.2.0_Release/obj/simple_hal.o
                0x0000000000028864                hal_led_blink_ms
 .text.hal_led_blink_stop
                0x00000000000288f0       0x20 build/light_switch_server_nrf52840_xxAA_s140_7.2.0_Release/obj/simple_hal.o
                0x00000000000288f0                hal_led_blink_stop
 .text.hal_leds_init
                0x0000000000028910       0x5c build/light_switch_server_nrf52840_xxAA_s140_7.2.0_Release/obj/simple_hal.o
                0x0000000000028910                hal_leds_init
 .text.hal_buttons_init
                0x000000000002896c       0x68 build/light_switch_server_nrf52840_xxAA_s140_7.2.0_Release/obj/simple_hal.o
                0x000000000002896c                hal_buttons_init
 .text.mesh_app_uuid_print
                0x00000000000289d4       0xe0 build/light_switch_server_nrf52840_xxAA_s140_7.2.0_Release/obj/mesh_app_utils.o
                0x00000000000289d4                mesh_app_uuid_print
 .text.app_transition_fsm_action
                0x0000000000028ab4       0x10 build/light_switch_server_nrf52840_xxAA_s140_7.2.0_Release/obj/app_transition.o
 .text.app_transition_fsm_guard
                0x0000000000028ac4       0x10 build/light_switch_server_nrf52840_xxAA_s140_7.2.0_Release/obj/app_transition.o
 .text.a_transition_tick
                0x0000000000028ad4        0x8 build/light_switch_server_nrf52840_xxAA_s140_7.2.0_Release/obj/app_transition.o
 .text.g_set_delay
                0x0000000000028adc        0xa build/light_switch_server_nrf52840_xxAA_s140_7.2.0_Release/obj/app_transition.o
 .text.g_set_transition
                0x0000000000028ae6       0x16 build/light_switch_server_nrf52840_xxAA_s140_7.2.0_Release/obj/app_transition.o
 .text.transition_timer_cb
                0x0000000000028afc        0xa build/light_switch_server_nrf52840_xxAA_s140_7.2.0_Release/obj/app_transition.o
 .text.delay_cb
                0x0000000000028b06       0x10 build/light_switch_server_nrf52840_xxAA_s140_7.2.0_Release/obj/app_transition.o
 .text.g_transition_complete
                0x0000000000028b16       0x3c build/light_switch_server_nrf52840_xxAA_s140_7.2.0_Release/obj/app_transition.o
 .text.a_abort  0x0000000000028b52       0x1c build/light_switch_server_nrf52840_xxAA_s140_7.2.0_Release/obj/app_transition.o
 .text.transition_complete_common
                0x0000000000028b6e       0x1c build/light_switch_server_nrf52840_xxAA_s140_7.2.0_Release/obj/app_transition.o
 .text.a_transition_complete_with_param_swap
                0x0000000000028b8a       0x1a build/light_switch_server_nrf52840_xxAA_s140_7.2.0_Release/obj/app_transition.o
 .text.a_transition_complete
                0x0000000000028ba4        0x4 build/light_switch_server_nrf52840_xxAA_s140_7.2.0_Release/obj/app_transition.o
 .text.a_transition_start
                0x0000000000028ba8       0xa8 build/light_switch_server_nrf52840_xxAA_s140_7.2.0_Release/obj/app_transition.o
 .text.a_delay_start
                0x0000000000028c50       0x28 build/light_switch_server_nrf52840_xxAA_s140_7.2.0_Release/obj/app_transition.o
 .text.app_transition_trigger
                0x0000000000028c78       0x1c build/light_switch_server_nrf52840_xxAA_s140_7.2.0_Release/obj/app_transition.o
                0x0000000000028c78                app_transition_trigger
 .text.app_transition_abort
                0x0000000000028c94       0x1c build/light_switch_server_nrf52840_xxAA_s140_7.2.0_Release/obj/app_transition.o
                0x0000000000028c94                app_transition_abort
 .text.app_transition_remaining_time_get
                0x0000000000028cb0       0x2c build/light_switch_server_nrf52840_xxAA_s140_7.2.0_Release/obj/app_transition.o
                0x0000000000028cb0                app_transition_remaining_time_get
 .text.app_transition_init
                0x0000000000028cdc       0x40 build/light_switch_server_nrf52840_xxAA_s140_7.2.0_Release/obj/app_transition.o
                0x0000000000028cdc                app_transition_init
 .text.sd_ble_gap_adv_set_configure
                0x0000000000028d1c        0x4 build/light_switch_server_nrf52840_xxAA_s140_7.2.0_Release/obj/mesh_adv.o
 .text.sd_ble_gap_adv_start
                0x0000000000028d20        0x4 build/light_switch_server_nrf52840_xxAA_s140_7.2.0_Release/obj/mesh_adv.o
 .text.sd_ble_gap_adv_stop
                0x0000000000028d24        0x4 build/light_switch_server_nrf52840_xxAA_s140_7.2.0_Release/obj/mesh_adv.o
 .text.mesh_adv_data_set
                0x0000000000028d28       0xe4 build/light_switch_server_nrf52840_xxAA_s140_7.2.0_Release/obj/mesh_adv.o
                0x0000000000028d28                mesh_adv_data_set
 .text.mesh_adv_params_set
                0x0000000000028e0c       0x28 build/light_switch_server_nrf52840_xxAA_s140_7.2.0_Release/obj/mesh_adv.o
                0x0000000000028e0c                mesh_adv_params_set
 .text.mesh_adv_start
                0x0000000000028e34       0x20 build/light_switch_server_nrf52840_xxAA_s140_7.2.0_Release/obj/mesh_adv.o
                0x0000000000028e34                mesh_adv_start
 .text.mesh_adv_stop
                0x0000000000028e54       0x1c build/light_switch_server_nrf52840_xxAA_s140_7.2.0_Release/obj/mesh_adv.o
                0x0000000000028e54                mesh_adv_stop
 .text.sd_ble_gap_disconnect
                0x0000000000028e70        0x4 build/light_switch_server_nrf52840_xxAA_s140_7.2.0_Release/obj/ble_softdevice_support.o
 .text.sd_ble_gap_ppcp_set
                0x0000000000028e74        0x4 build/light_switch_server_nrf52840_xxAA_s140_7.2.0_Release/obj/ble_softdevice_support.o
 .text.sd_ble_gap_device_name_set
                0x0000000000028e78        0x4 build/light_switch_server_nrf52840_xxAA_s140_7.2.0_Release/obj/ble_softdevice_support.o
 .text.sd_ble_cfg_set
                0x0000000000028e7c        0x4 build/light_switch_server_nrf52840_xxAA_s140_7.2.0_Release/obj/ble_softdevice_support.o
 .text.conn_params_error_handler
                0x0000000000028e80        0x4 build/light_switch_server_nrf52840_xxAA_s140_7.2.0_Release/obj/ble_softdevice_support.o
 .text.on_sd_evt
                0x0000000000028e84        0x4 build/light_switch_server_nrf52840_xxAA_s140_7.2.0_Release/obj/ble_softdevice_support.o
 .text.on_conn_params_evt
                0x0000000000028e88       0x5c build/light_switch_server_nrf52840_xxAA_s140_7.2.0_Release/obj/ble_softdevice_support.o
 .text.ble_stack_init
                0x0000000000028ee4       0x54 build/light_switch_server_nrf52840_xxAA_s140_7.2.0_Release/obj/ble_softdevice_support.o
                0x0000000000028ee4                ble_stack_init
 .text.gap_params_init
                0x0000000000028f38       0x48 build/light_switch_server_nrf52840_xxAA_s140_7.2.0_Release/obj/ble_softdevice_support.o
                0x0000000000028f38                gap_params_init
 .text.conn_params_init
                0x0000000000028f80       0x5c build/light_switch_server_nrf52840_xxAA_s140_7.2.0_Release/obj/ble_softdevice_support.o
                0x0000000000028f80                conn_params_init
 .text._weak_handler
                0x0000000000028fdc        0x4 build/light_switch_server_nrf52840_xxAA_s140_7.2.0_Release/obj/nrf_mesh_weak.o
                0x0000000000028fdc                nrf_mesh_dfu_init
                0x0000000000028fdc                nrf_mesh_dfu_jump_to_bootloader
                0x0000000000028fdc                nrf_mesh_dfu_rx
                0x0000000000028fdc                prov_provisioner_provision
                0x0000000000028fdc                nrf_mesh_dfu_bank_info_get
                0x0000000000028fdc                prov_provisioner_oob_pubkey
                0x0000000000028fdc                nrf_mesh_dfu_request
                0x0000000000028fdc                nrf_mesh_dfu_bank_flash
                0x0000000000028fdc                nrf_mesh_dfu_enable
                0x0000000000028fdc                _weak_handler
                0x0000000000028fdc                nrf_mesh_dfu_relay
                0x0000000000028fdc                nrf_mesh_dfu_abort
                0x0000000000028fdc                mesh_flash_op_execute
                0x0000000000028fdc                prov_provisionee_init
                0x0000000000028fdc                nrf_mesh_dfu_state_get
                0x0000000000028fdc                prov_provisioner_shared_secret
                0x0000000000028fdc                prov_provisioner_auth_data
                0x0000000000028fdc                prov_bearer_adv_packet_in
                0x0000000000028fdc                prov_provisioner_oob_use
 .text.app_error_fault_handler
                0x0000000000028fe0      0x140 build/light_switch_server_nrf52840_xxAA_s140_7.2.0_Release/obj/app_error_weak.o
                0x0000000000028fe0                app_error_fault_handler
 .text.mesh_assertion_handler
                0x0000000000029120       0x20 build/light_switch_server_nrf52840_xxAA_s140_7.2.0_Release/obj/assertion_handler_weak.o
                0x0000000000029120                mesh_assertion_handler
 .text.nrf_mesh_configure_device_uuid_set
                0x0000000000029140       0x18 build/light_switch_server_nrf52840_xxAA_s140_7.2.0_Release/obj/nrf_mesh_configure.o
                0x0000000000029140                nrf_mesh_configure_device_uuid_set
 .text.nrf_mesh_configure_device_uuid_reset
                0x0000000000029158       0x38 build/light_switch_server_nrf52840_xxAA_s140_7.2.0_Release/obj/nrf_mesh_configure.o
                0x0000000000029158                nrf_mesh_configure_device_uuid_reset
 .text.nrf_mesh_configure_device_uuid_get
                0x0000000000029190        0x8 build/light_switch_server_nrf52840_xxAA_s140_7.2.0_Release/obj/nrf_mesh_configure.o
                0x0000000000029190                nrf_mesh_configure_device_uuid_get
 .text.msg_cache_init
                0x0000000000029198       0x24 build/light_switch_server_nrf52840_xxAA_s140_7.2.0_Release/obj/msg_cache.o
                0x0000000000029198                msg_cache_init
 .text.msg_cache_entry_exists
                0x00000000000291bc       0x3c build/light_switch_server_nrf52840_xxAA_s140_7.2.0_Release/obj/msg_cache.o
                0x00000000000291bc                msg_cache_entry_exists
 .text.msg_cache_entry_add
                0x00000000000291f8       0x30 build/light_switch_server_nrf52840_xxAA_s140_7.2.0_Release/obj/msg_cache.o
                0x00000000000291f8                msg_cache_entry_add
 .text.transport_sar_first_seq_num_get
                0x0000000000029228       0x12 build/light_switch_server_nrf52840_xxAA_s140_7.2.0_Release/obj/transport.o
 .text.trs_packet_header_build
                0x000000000002923a       0x6a build/light_switch_server_nrf52840_xxAA_s140_7.2.0_Release/obj/transport.o
 .text.control_packet_callback_get
                0x00000000000292a4       0x40 build/light_switch_server_nrf52840_xxAA_s140_7.2.0_Release/obj/transport.o
 .text.tx_complete
                0x00000000000292e4       0x2c build/light_switch_server_nrf52840_xxAA_s140_7.2.0_Release/obj/transport.o
 .text.block_ack_full
                0x0000000000029310       0x1a build/light_switch_server_nrf52840_xxAA_s140_7.2.0_Release/obj/transport.o
 .text.upper_trs_packet_encrypt
                0x000000000002932a       0x86 build/light_switch_server_nrf52840_xxAA_s140_7.2.0_Release/obj/transport.o
 .text.trs_sar_packet_out
                0x00000000000293b0      0x10c build/light_switch_server_nrf52840_xxAA_s140_7.2.0_Release/obj/transport.o
 .text.transport_metadata_validate
                0x00000000000294bc       0x54 build/light_switch_server_nrf52840_xxAA_s140_7.2.0_Release/obj/transport.o
 .text.sar_ctx_alloc
                0x0000000000029510       0xcc build/light_switch_server_nrf52840_xxAA_s140_7.2.0_Release/obj/transport.o
 .text.sar_ctx_free
                0x00000000000295dc       0x36 build/light_switch_server_nrf52840_xxAA_s140_7.2.0_Release/obj/transport.o
 .text.sar_ctx_tx_complete
                0x0000000000029612       0x34 build/light_switch_server_nrf52840_xxAA_s140_7.2.0_Release/obj/transport.o
 *fill*         0x0000000000029646        0x2 
 .text.sar_ctx_cancel
                0x0000000000029648       0xd8 build/light_switch_server_nrf52840_xxAA_s140_7.2.0_Release/obj/transport.o
 .text.abort_timeout
                0x0000000000029720        0x8 build/light_switch_server_nrf52840_xxAA_s140_7.2.0_Release/obj/transport.o
 .text.retry_timeout
                0x0000000000029728       0x4c build/light_switch_server_nrf52840_xxAA_s140_7.2.0_Release/obj/transport.o
 .text.test_transport_decrypt
                0x0000000000029774       0x64 build/light_switch_server_nrf52840_xxAA_s140_7.2.0_Release/obj/transport.o
 .text.replay_list_add
                0x00000000000297d8       0x50 build/light_switch_server_nrf52840_xxAA_s140_7.2.0_Release/obj/transport.o
 .text.upper_transport_access_packet_in
                0x0000000000029828      0x19c build/light_switch_server_nrf52840_xxAA_s140_7.2.0_Release/obj/transport.o
 .text.tx_retry_timer_reset
                0x00000000000299c4       0x3c build/light_switch_server_nrf52840_xxAA_s140_7.2.0_Release/obj/transport.o
 .text.segmented_packet_tx
                0x0000000000029a00      0x124 build/light_switch_server_nrf52840_xxAA_s140_7.2.0_Release/obj/transport.o
 .text.upper_transport_packet_in
                0x0000000000029b24      0x1b0 build/light_switch_server_nrf52840_xxAA_s140_7.2.0_Release/obj/transport.o
 .text.upper_transport_tx
                0x0000000000029cd4       0x90 build/light_switch_server_nrf52840_xxAA_s140_7.2.0_Release/obj/transport.o
 .text.transport_init
                0x0000000000029d64       0x84 build/light_switch_server_nrf52840_xxAA_s140_7.2.0_Release/obj/transport.o
                0x0000000000029d64                transport_init
 .text.transport_enable
                0x0000000000029de8        0x4 build/light_switch_server_nrf52840_xxAA_s140_7.2.0_Release/obj/transport.o
                0x0000000000029de8                transport_enable
 .text.transport_tx
                0x0000000000029dec       0xec build/light_switch_server_nrf52840_xxAA_s140_7.2.0_Release/obj/transport.o
                0x0000000000029dec                transport_tx
 .text.transport_control_tx
                0x0000000000029ed8       0xdc build/light_switch_server_nrf52840_xxAA_s140_7.2.0_Release/obj/transport.o
                0x0000000000029ed8                transport_control_tx
 .text.sar_ack_send
                0x0000000000029fb4       0xec build/light_switch_server_nrf52840_xxAA_s140_7.2.0_Release/obj/transport.o
 .text.ack_timeout
                0x000000000002a0a0       0x30 build/light_switch_server_nrf52840_xxAA_s140_7.2.0_Release/obj/transport.o
 .text.transport_packet_in
                0x000000000002a0d0      0x498 build/light_switch_server_nrf52840_xxAA_s140_7.2.0_Release/obj/transport.o
                0x000000000002a0d0                transport_packet_in
 .text.transport_sar_process
                0x000000000002a568       0x68 build/light_switch_server_nrf52840_xxAA_s140_7.2.0_Release/obj/transport.o
 .text.transport_control_packet_consumer_add
                0x000000000002a5d0       0x70 build/light_switch_server_nrf52840_xxAA_s140_7.2.0_Release/obj/transport.o
                0x000000000002a5d0                transport_control_packet_consumer_add
 .text.event_handle
                0x000000000002a640       0x58 build/light_switch_server_nrf52840_xxAA_s140_7.2.0_Release/obj/event.o
                0x000000000002a640                event_handle
 .text.event_handler_add
                0x000000000002a698       0x20 build/light_switch_server_nrf52840_xxAA_s140_7.2.0_Release/obj/event.o
                0x000000000002a698                event_handler_add
 .text.event_handler_remove
                0x000000000002a6b8       0x34 build/light_switch_server_nrf52840_xxAA_s140_7.2.0_Release/obj/event.o
                0x000000000002a6b8                event_handler_remove
 .text.m_index_increment
                0x000000000002a6ec       0x1e build/light_switch_server_nrf52840_xxAA_s140_7.2.0_Release/obj/packet_buffer.o
 .text.m_get_next_packet
                0x000000000002a70a       0x1e build/light_switch_server_nrf52840_xxAA_s140_7.2.0_Release/obj/packet_buffer.o
 .text.packet_buffer_init
                0x000000000002a728       0xa8 build/light_switch_server_nrf52840_xxAA_s140_7.2.0_Release/obj/packet_buffer.o
                0x000000000002a728                packet_buffer_init
 .text.packet_buffer_flush
                0x000000000002a7d0       0x50 build/light_switch_server_nrf52840_xxAA_s140_7.2.0_Release/obj/packet_buffer.o
                0x000000000002a7d0                packet_buffer_flush
 .text.packet_buffer_reserve
                0x000000000002a820       0xa2 build/light_switch_server_nrf52840_xxAA_s140_7.2.0_Release/obj/packet_buffer.o
                0x000000000002a820                packet_buffer_reserve
 .text.packet_buffer_commit
                0x000000000002a8c2       0x62 build/light_switch_server_nrf52840_xxAA_s140_7.2.0_Release/obj/packet_buffer.o
                0x000000000002a8c2                packet_buffer_commit
 .text.packet_buffer_pop
                0x000000000002a924       0x5a build/light_switch_server_nrf52840_xxAA_s140_7.2.0_Release/obj/packet_buffer.o
                0x000000000002a924                packet_buffer_pop
 .text.packet_buffer_can_pop
                0x000000000002a97e       0x34 build/light_switch_server_nrf52840_xxAA_s140_7.2.0_Release/obj/packet_buffer.o
                0x000000000002a97e                packet_buffer_can_pop
 .text.packet_buffer_packets_ready_to_pop
                0x000000000002a9b2       0x36 build/light_switch_server_nrf52840_xxAA_s140_7.2.0_Release/obj/packet_buffer.o
                0x000000000002a9b2                packet_buffer_packets_ready_to_pop
 .text.packet_buffer_free
                0x000000000002a9e8       0x74 build/light_switch_server_nrf52840_xxAA_s140_7.2.0_Release/obj/packet_buffer.o
                0x000000000002a9e8                packet_buffer_free
 .text.packet_buffer_is_empty
                0x000000000002aa5c       0x28 build/light_switch_server_nrf52840_xxAA_s140_7.2.0_Release/obj/packet_buffer.o
                0x000000000002aa5c                packet_buffer_is_empty
 .text.get_last_page
                0x000000000002aa84       0x14 build/light_switch_server_nrf52840_xxAA_s140_7.2.0_Release/obj/flash_manager_defrag.o
 .text.freezing
                0x000000000002aa98       0x10 build/light_switch_server_nrf52840_xxAA_s140_7.2.0_Release/obj/flash_manager_defrag.o
 .text.defrag_on_end
                0x000000000002aaa8       0x1c build/light_switch_server_nrf52840_xxAA_s140_7.2.0_Release/obj/flash_manager_defrag.o
 .text.execute_procedure_step
                0x000000000002aac4       0x70 build/light_switch_server_nrf52840_xxAA_s140_7.2.0_Release/obj/flash_manager_defrag.o
 .text.jump_to_step
                0x000000000002ab34       0x28 build/light_switch_server_nrf52840_xxAA_s140_7.2.0_Release/obj/flash_manager_defrag.o
 .text.get_next_entry
                0x000000000002ab5c       0x38 build/light_switch_server_nrf52840_xxAA_s140_7.2.0_Release/obj/flash_manager_defrag.o
 .text.get_next_data_entry
                0x000000000002ab94       0x26 build/light_switch_server_nrf52840_xxAA_s140_7.2.0_Release/obj/flash_manager_defrag.o
 *fill*         0x000000000002abba        0x2 
 .text.on_flash_op_end
                0x000000000002abbc       0x2c build/light_switch_server_nrf52840_xxAA_s140_7.2.0_Release/obj/flash_manager_defrag.o
 .text.check_for_invalid_entries
                0x000000000002abe8       0x38 build/light_switch_server_nrf52840_xxAA_s140_7.2.0_Release/obj/flash_manager_defrag.o
 .text.erase_source
                0x000000000002ac20       0x34 build/light_switch_server_nrf52840_xxAA_s140_7.2.0_Release/obj/flash_manager_defrag.o
 .text.flash.constprop.0
                0x000000000002ac54       0x24 build/light_switch_server_nrf52840_xxAA_s140_7.2.0_Release/obj/flash_manager_defrag.o
 .text.invalidate_duplicate_entries
                0x000000000002ac78       0xa8 build/light_switch_server_nrf52840_xxAA_s140_7.2.0_Release/obj/flash_manager_defrag.o
 .text.seal_storage_page
                0x000000000002ad20       0x50 build/light_switch_server_nrf52840_xxAA_s140_7.2.0_Release/obj/flash_manager_defrag.o
 .text.copy_metadata
                0x000000000002ad70       0x3c build/light_switch_server_nrf52840_xxAA_s140_7.2.0_Release/obj/flash_manager_defrag.o
 .text.write_defrag_start_pointer
                0x000000000002adac       0x20 build/light_switch_server_nrf52840_xxAA_s140_7.2.0_Release/obj/flash_manager_defrag.o
 .text.write_back
                0x000000000002adcc       0x28 build/light_switch_server_nrf52840_xxAA_s140_7.2.0_Release/obj/flash_manager_defrag.o
 .text.post_process
                0x000000000002adf4       0x40 build/light_switch_server_nrf52840_xxAA_s140_7.2.0_Release/obj/flash_manager_defrag.o
 .text.backup_entries
                0x000000000002ae34       0xd8 build/light_switch_server_nrf52840_xxAA_s140_7.2.0_Release/obj/flash_manager_defrag.o
 .text.erase_recovery_area
                0x000000000002af0c       0x34 build/light_switch_server_nrf52840_xxAA_s140_7.2.0_Release/obj/flash_manager_defrag.o
 .text.flash_manager_defrag_init
                0x000000000002af40       0xd8 build/light_switch_server_nrf52840_xxAA_s140_7.2.0_Release/obj/flash_manager_defrag.o
                0x000000000002af40                flash_manager_defrag_init
 .text.flash_manager_defragging
                0x000000000002b018       0x38 build/light_switch_server_nrf52840_xxAA_s140_7.2.0_Release/obj/flash_manager_defrag.o
                0x000000000002b018                flash_manager_defragging
 .text.flash_manager_defrag_is_running
                0x000000000002b050       0x10 build/light_switch_server_nrf52840_xxAA_s140_7.2.0_Release/obj/flash_manager_defrag.o
                0x000000000002b050                flash_manager_defrag_is_running
 .text.flash_manager_defrag
                0x000000000002b060       0x54 build/light_switch_server_nrf52840_xxAA_s140_7.2.0_Release/obj/flash_manager_defrag.o
                0x000000000002b060                flash_manager_defrag
 .text.flash_manager_defrag_recovery_page_get
                0x000000000002b0b4        0xc build/light_switch_server_nrf52840_xxAA_s140_7.2.0_Release/obj/flash_manager_defrag.o
                0x000000000002b0b4                flash_manager_defrag_recovery_page_get
 .text.fifo_init
                0x000000000002b0c0       0x34 build/light_switch_server_nrf52840_xxAA_s140_7.2.0_Release/obj/fifo.o
                0x000000000002b0c0                fifo_init
 .text.fifo_pop
                0x000000000002b0f4       0x52 build/light_switch_server_nrf52840_xxAA_s140_7.2.0_Release/obj/fifo.o
                0x000000000002b0f4                fifo_pop
 *fill*         0x000000000002b146        0x2 
 .text.wait_for_ready
                0x000000000002b148       0x10 build/light_switch_server_nrf52840_xxAA_s140_7.2.0_Release/obj/nrf_flash.o
 .text.nrf_flash_erase
                0x000000000002b158       0x50 build/light_switch_server_nrf52840_xxAA_s140_7.2.0_Release/obj/nrf_flash.o
                0x000000000002b158                nrf_flash_erase
 .text.nrf_flash_write
                0x000000000002b1a8       0x58 build/light_switch_server_nrf52840_xxAA_s140_7.2.0_Release/obj/nrf_flash.o
                0x000000000002b1a8                nrf_flash_write
 .text.iv_timeout_limit_passed
                0x000000000002b200       0x18 build/light_switch_server_nrf52840_xxAA_s140_7.2.0_Release/obj/net_state.o
 .text.seqnum_block_legacy_setter
                0x000000000002b218       0x3c build/light_switch_server_nrf52840_xxAA_s140_7.2.0_Release/obj/net_state.o
 .text.iv_index_legacy_setter
                0x000000000002b254       0x3c build/light_switch_server_nrf52840_xxAA_s140_7.2.0_Release/obj/net_state.o
 .text.seqnum_block_getter
                0x000000000002b290       0x24 build/light_switch_server_nrf52840_xxAA_s140_7.2.0_Release/obj/net_state.o
 .text.seqnum_block_setter
                0x000000000002b2b4       0x34 build/light_switch_server_nrf52840_xxAA_s140_7.2.0_Release/obj/net_state.o
 .text.iv_index_getter
                0x000000000002b2e8       0x24 build/light_switch_server_nrf52840_xxAA_s140_7.2.0_Release/obj/net_state.o
 .text.iv_index_setter
                0x000000000002b30c       0x34 build/light_switch_server_nrf52840_xxAA_s140_7.2.0_Release/obj/net_state.o
 .text.seqnum_block_deleter
                0x000000000002b340       0x24 build/light_switch_server_nrf52840_xxAA_s140_7.2.0_Release/obj/net_state.o
 .text.iv_index_deleter
                0x000000000002b364       0x24 build/light_switch_server_nrf52840_xxAA_s140_7.2.0_Release/obj/net_state.o
 .text.iv_index_notify
                0x000000000002b388       0x30 build/light_switch_server_nrf52840_xxAA_s140_7.2.0_Release/obj/net_state.o
 .text.persist_completed_notify
                0x000000000002b3b8       0x2c build/light_switch_server_nrf52840_xxAA_s140_7.2.0_Release/obj/net_state.o
 .text.seqnum_block_allocate
                0x000000000002b3e4       0x60 build/light_switch_server_nrf52840_xxAA_s140_7.2.0_Release/obj/net_state.o
 .text.iv_index_store
                0x000000000002b444       0x4c build/light_switch_server_nrf52840_xxAA_s140_7.2.0_Release/obj/net_state.o
 .text.net_state_reset
                0x000000000002b490       0x30 build/light_switch_server_nrf52840_xxAA_s140_7.2.0_Release/obj/net_state.o
                0x000000000002b490                net_state_reset
 .text.net_state_init
                0x000000000002b4c0       0x48 build/light_switch_server_nrf52840_xxAA_s140_7.2.0_Release/obj/net_state.o
                0x000000000002b4c0                net_state_init
 .text.net_state_enable
                0x000000000002b508       0xd8 build/light_switch_server_nrf52840_xxAA_s140_7.2.0_Release/obj/net_state.o
                0x000000000002b508                net_state_enable
 .text.net_state_is_seqnum_block_ready
                0x000000000002b5e0       0x14 build/light_switch_server_nrf52840_xxAA_s140_7.2.0_Release/obj/net_state.o
                0x000000000002b5e0                net_state_is_seqnum_block_ready
 .text.net_state_iv_update_start
                0x000000000002b5f4       0x40 build/light_switch_server_nrf52840_xxAA_s140_7.2.0_Release/obj/net_state.o
                0x000000000002b5f4                net_state_iv_update_start
 .text.iv_update_trigger_if_pending
                0x000000000002b634       0x5c build/light_switch_server_nrf52840_xxAA_s140_7.2.0_Release/obj/net_state.o
 .text.iv_update_timer_handler
                0x000000000002b690       0xa4 build/light_switch_server_nrf52840_xxAA_s140_7.2.0_Release/obj/net_state.o
 .text.mesh_evt_handler
                0x000000000002b734       0x88 build/light_switch_server_nrf52840_xxAA_s140_7.2.0_Release/obj/net_state.o
 .text.net_state_iv_index_lock
                0x000000000002b7bc       0x3c build/light_switch_server_nrf52840_xxAA_s140_7.2.0_Release/obj/net_state.o
                0x000000000002b7bc                net_state_iv_index_lock
 .text.net_state_key_refresh_phase_changed
                0x000000000002b7f8       0x20 build/light_switch_server_nrf52840_xxAA_s140_7.2.0_Release/obj/net_state.o
                0x000000000002b7f8                net_state_key_refresh_phase_changed
 .text.net_state_beacon_iv_index_get
                0x000000000002b818        0xc build/light_switch_server_nrf52840_xxAA_s140_7.2.0_Release/obj/net_state.o
                0x000000000002b818                net_state_beacon_iv_index_get
 .text.net_state_tx_iv_index_get
                0x000000000002b824       0x14 build/light_switch_server_nrf52840_xxAA_s140_7.2.0_Release/obj/net_state.o
                0x000000000002b824                net_state_tx_iv_index_get
 .text.net_state_iv_index_and_seqnum_alloc
                0x000000000002b838       0x7c build/light_switch_server_nrf52840_xxAA_s140_7.2.0_Release/obj/net_state.o
                0x000000000002b838                net_state_iv_index_and_seqnum_alloc
 .text.net_state_rx_iv_index_get
                0x000000000002b8b4       0x18 build/light_switch_server_nrf52840_xxAA_s140_7.2.0_Release/obj/net_state.o
                0x000000000002b8b4                net_state_rx_iv_index_get
 .text.net_state_iv_update_get
                0x000000000002b8cc        0xc build/light_switch_server_nrf52840_xxAA_s140_7.2.0_Release/obj/net_state.o
                0x000000000002b8cc                net_state_iv_update_get
 .text.net_state_iv_index_and_seqnum_block_set
                0x000000000002b8d8       0x48 build/light_switch_server_nrf52840_xxAA_s140_7.2.0_Release/obj/net_state.o
                0x000000000002b8d8                net_state_iv_index_and_seqnum_block_set
 .text.net_state_iv_index_set
                0x000000000002b920        0x6 build/light_switch_server_nrf52840_xxAA_s140_7.2.0_Release/obj/net_state.o
                0x000000000002b920                net_state_iv_index_set
 *fill*         0x000000000002b926        0x2 
 .text.send_end_events
                0x000000000002b928       0x84 build/light_switch_server_nrf52840_xxAA_s140_7.2.0_Release/obj/mesh_flash.o
 .text.flash_op_action_prepare
                0x000000000002b9ac       0x74 build/light_switch_server_nrf52840_xxAA_s140_7.2.0_Release/obj/mesh_flash.o
 .text.flash_op_schedule
                0x000000000002ba20       0x20 build/light_switch_server_nrf52840_xxAA_s140_7.2.0_Release/obj/mesh_flash.o
 .text.flash_op_start
                0x000000000002ba40      0x138 build/light_switch_server_nrf52840_xxAA_s140_7.2.0_Release/obj/mesh_flash.o
 .text.mesh_flash_init
                0x000000000002bb78       0x50 build/light_switch_server_nrf52840_xxAA_s140_7.2.0_Release/obj/mesh_flash.o
                0x000000000002bb78                mesh_flash_init
 .text.mesh_flash_user_callback_set
                0x000000000002bbc8       0x20 build/light_switch_server_nrf52840_xxAA_s140_7.2.0_Release/obj/mesh_flash.o
                0x000000000002bbc8                mesh_flash_user_callback_set
 .text.mesh_flash_op_push
                0x000000000002bbe8      0x110 build/light_switch_server_nrf52840_xxAA_s140_7.2.0_Release/obj/mesh_flash.o
                0x000000000002bbe8                mesh_flash_op_push
 .text.mesh_flash_set_suspended
                0x000000000002bcf8       0x5c build/light_switch_server_nrf52840_xxAA_s140_7.2.0_Release/obj/mesh_flash.o
                0x000000000002bcf8                mesh_flash_set_suspended
 .text.nrf_mesh_address_type_get
                0x000000000002bd54       0x10 build/light_switch_server_nrf52840_xxAA_s140_7.2.0_Release/obj/nrf_mesh_utils.o
                0x000000000002bd54                nrf_mesh_address_type_get
 .text.sd_softdevice_is_enabled
                0x000000000002bd64        0x4 build/light_switch_server_nrf52840_xxAA_s140_7.2.0_Release/obj/nrf_mesh.o
 .text.packet_in
                0x000000000002bd68       0x48 build/light_switch_server_nrf52840_xxAA_s140_7.2.0_Release/obj/nrf_mesh.o
 .text.scanner_packet_process_cb
                0x000000000002bdb0       0x8c build/light_switch_server_nrf52840_xxAA_s140_7.2.0_Release/obj/nrf_mesh.o
 .text.nrf_mesh_enabled_be_cb
                0x000000000002be3c       0x50 build/light_switch_server_nrf52840_xxAA_s140_7.2.0_Release/obj/nrf_mesh.o
 .text.bearer_stopped_cb
                0x000000000002be8c       0x30 build/light_switch_server_nrf52840_xxAA_s140_7.2.0_Release/obj/nrf_mesh.o
 .text.config_stable_catch
                0x000000000002bebc       0x24 build/light_switch_server_nrf52840_xxAA_s140_7.2.0_Release/obj/nrf_mesh.o
 .text.nrf_mesh_init
                0x000000000002bee0       0xdc build/light_switch_server_nrf52840_xxAA_s140_7.2.0_Release/obj/nrf_mesh.o
                0x000000000002bee0                nrf_mesh_init
 .text.nrf_mesh_enable
                0x000000000002bfbc       0x90 build/light_switch_server_nrf52840_xxAA_s140_7.2.0_Release/obj/nrf_mesh.o
                0x000000000002bfbc                nrf_mesh_enable
 .text.nrf_mesh_disable
                0x000000000002c04c       0x2c build/light_switch_server_nrf52840_xxAA_s140_7.2.0_Release/obj/nrf_mesh.o
                0x000000000002c04c                nrf_mesh_disable
 .text.nrf_mesh_packet_send
                0x000000000002c078        0x4 build/light_switch_server_nrf52840_xxAA_s140_7.2.0_Release/obj/nrf_mesh.o
                0x000000000002c078                nrf_mesh_packet_send
 .text.nrf_mesh_evt_handler_add
                0x000000000002c07c        0x4 build/light_switch_server_nrf52840_xxAA_s140_7.2.0_Release/obj/nrf_mesh.o
                0x000000000002c07c                nrf_mesh_evt_handler_add
 .text.nrf_mesh_evt_handler_remove
                0x000000000002c080        0x4 build/light_switch_server_nrf52840_xxAA_s140_7.2.0_Release/obj/nrf_mesh.o
                0x000000000002c080                nrf_mesh_evt_handler_remove
 .text.nrf_mesh_on_sd_evt
                0x000000000002c084        0xa build/light_switch_server_nrf52840_xxAA_s140_7.2.0_Release/obj/nrf_mesh.o
                0x000000000002c084                nrf_mesh_on_sd_evt
 .text.nrf_mesh_subnet_added
                0x000000000002c08e        0x4 build/light_switch_server_nrf52840_xxAA_s140_7.2.0_Release/obj/nrf_mesh.o
                0x000000000002c08e                nrf_mesh_subnet_added
 *fill*         0x000000000002c092        0x2 
 .text.nrf_mesh_unique_token_get
                0x000000000002c094       0x18 build/light_switch_server_nrf52840_xxAA_s140_7.2.0_Release/obj/nrf_mesh.o
                0x000000000002c094                nrf_mesh_unique_token_get
 .text.queue_init
                0x000000000002c0ac       0x14 build/light_switch_server_nrf52840_xxAA_s140_7.2.0_Release/obj/queue.o
                0x000000000002c0ac                queue_init
 .text.queue_push
                0x000000000002c0c0       0x34 build/light_switch_server_nrf52840_xxAA_s140_7.2.0_Release/obj/queue.o
                0x000000000002c0c0                queue_push
 .text.queue_pop
                0x000000000002c0f4       0x2a build/light_switch_server_nrf52840_xxAA_s140_7.2.0_Release/obj/queue.o
                0x000000000002c0f4                queue_pop
 .text.queue_peek
                0x000000000002c11e       0x10 build/light_switch_server_nrf52840_xxAA_s140_7.2.0_Release/obj/queue.o
                0x000000000002c11e                queue_peek
 .text.queue_merge
                0x000000000002c12e       0x46 build/light_switch_server_nrf52840_xxAA_s140_7.2.0_Release/obj/queue.o
                0x000000000002c12e                queue_merge
 .text.queue_iterator_iterate
                0x000000000002c174       0x14 build/light_switch_server_nrf52840_xxAA_s140_7.2.0_Release/obj/queue.o
                0x000000000002c174                queue_iterator_iterate
 .text.queue_iterator_elem_remove
                0x000000000002c188       0x5a build/light_switch_server_nrf52840_xxAA_s140_7.2.0_Release/obj/queue.o
                0x000000000002c188                queue_iterator_elem_remove
 .text.sd_power_reset_reason_clr
                0x000000000002c1e2        0x4 build/light_switch_server_nrf52840_xxAA_s140_7.2.0_Release/obj/hal.o
 *fill*         0x000000000002c1e6        0x2 
 .text.hal_device_reset
                0x000000000002c1e8       0x2c build/light_switch_server_nrf52840_xxAA_s140_7.2.0_Release/obj/hal.o
                0x000000000002c1e8                hal_device_reset
 .text.hal_lfclk_ppm_get
                0x000000000002c214       0x14 build/light_switch_server_nrf52840_xxAA_s140_7.2.0_Release/obj/hal.o
                0x000000000002c214                hal_lfclk_ppm_get
 .text.hal_irq_active_get
                0x000000000002c228       0x10 build/light_switch_server_nrf52840_xxAA_s140_7.2.0_Release/obj/hal.o
                0x000000000002c228                hal_irq_active_get
 .text.hal_irq_is_enabled
                0x000000000002c238       0x30 build/light_switch_server_nrf52840_xxAA_s140_7.2.0_Release/obj/hal.o
                0x000000000002c238                hal_irq_is_enabled
 .text.sd_ecb_block_encrypt
                0x000000000002c268        0x4 build/light_switch_server_nrf52840_xxAA_s140_7.2.0_Release/obj/aes_cmac.o
 .text.utils_xor.constprop.0
                0x000000000002c26c       0x20 build/light_switch_server_nrf52840_xxAA_s140_7.2.0_Release/obj/aes_cmac.o
 .text.aes_cmac
                0x000000000002c28c      0x126 build/light_switch_server_nrf52840_xxAA_s140_7.2.0_Release/obj/aes_cmac.o
                0x000000000002c28c                aes_cmac
 *fill*         0x000000000002c3b2        0x2 
 .text.add_evt  0x000000000002c3b4       0x4c build/light_switch_server_nrf52840_xxAA_s140_7.2.0_Release/obj/timer_scheduler.o
 .text.remove_evt
                0x000000000002c400       0x44 build/light_switch_server_nrf52840_xxAA_s140_7.2.0_Release/obj/timer_scheduler.o
 .text.timer_cb
                0x000000000002c444        0xc build/light_switch_server_nrf52840_xxAA_s140_7.2.0_Release/obj/timer_scheduler.o
 .text.setup_timeout.constprop.0
                0x000000000002c450       0x1c build/light_switch_server_nrf52840_xxAA_s140_7.2.0_Release/obj/timer_scheduler.o
 .text.flag_event_cb
                0x000000000002c46c       0x90 build/light_switch_server_nrf52840_xxAA_s140_7.2.0_Release/obj/timer_scheduler.o
 .text.timer_sch_init
                0x000000000002c4fc       0x30 build/light_switch_server_nrf52840_xxAA_s140_7.2.0_Release/obj/timer_scheduler.o
                0x000000000002c4fc                timer_sch_init
 .text.timer_sch_schedule
                0x000000000002c52c       0x54 build/light_switch_server_nrf52840_xxAA_s140_7.2.0_Release/obj/timer_scheduler.o
                0x000000000002c52c                timer_sch_schedule
 .text.timer_sch_abort
                0x000000000002c580       0x2e build/light_switch_server_nrf52840_xxAA_s140_7.2.0_Release/obj/timer_scheduler.o
                0x000000000002c580                timer_sch_abort
 *fill*         0x000000000002c5ae        0x2 
 .text.timer_sch_reschedule
                0x000000000002c5b0       0x48 build/light_switch_server_nrf52840_xxAA_s140_7.2.0_Release/obj/timer_scheduler.o
                0x000000000002c5b0                timer_sch_reschedule
 .text.timer_init
                0x000000000002c5f8       0x1a build/light_switch_server_nrf52840_xxAA_s140_7.2.0_Release/obj/timer.o
                0x000000000002c5f8                timer_init
 *fill*         0x000000000002c612        0x2 
 .text.timer_now
                0x000000000002c614       0x48 build/light_switch_server_nrf52840_xxAA_s140_7.2.0_Release/obj/timer.o
                0x000000000002c614                timer_now
 .text.nrf_mesh_timer_tail_handle
                0x000000000002c65c       0x34 build/light_switch_server_nrf52840_xxAA_s140_7.2.0_Release/obj/timer.o
                0x000000000002c65c                nrf_mesh_timer_tail_handle
 .text.nrf_mesh_timer_ovfw_handle
                0x000000000002c690       0x94 build/light_switch_server_nrf52840_xxAA_s140_7.2.0_Release/obj/timer.o
                0x000000000002c690                nrf_mesh_timer_ovfw_handle
 .text.timer_start
                0x000000000002c724       0xb0 build/light_switch_server_nrf52840_xxAA_s140_7.2.0_Release/obj/timer.o
                0x000000000002c724                timer_start
 .text.timer_stop
                0x000000000002c7d4       0x30 build/light_switch_server_nrf52840_xxAA_s140_7.2.0_Release/obj/timer.o
                0x000000000002c7d4                timer_stop
 .text.timer_handler
                0x000000000002c804       0x50 build/light_switch_server_nrf52840_xxAA_s140_7.2.0_Release/obj/long_timer.o
 .text.lt_schedule
                0x000000000002c854       0x44 build/light_switch_server_nrf52840_xxAA_s140_7.2.0_Release/obj/long_timer.o
                0x000000000002c854                lt_schedule
 .text.lt_abort
                0x000000000002c898        0x6 build/light_switch_server_nrf52840_xxAA_s140_7.2.0_Release/obj/long_timer.o
                0x000000000002c898                lt_abort
 .text.lt_remaining_time_get
                0x000000000002c89e       0x2a build/light_switch_server_nrf52840_xxAA_s140_7.2.0_Release/obj/long_timer.o
                0x000000000002c89e                lt_remaining_time_get
 .text.sd_rand_application_bytes_available_get
                0x000000000002c8c8        0x4 build/light_switch_server_nrf52840_xxAA_s140_7.2.0_Release/obj/rand.o
 .text.sd_rand_application_vector_get
                0x000000000002c8cc        0x4 build/light_switch_server_nrf52840_xxAA_s140_7.2.0_Release/obj/rand.o
 .text.rand_prng_get
                0x000000000002c8d0       0x24 build/light_switch_server_nrf52840_xxAA_s140_7.2.0_Release/obj/rand.o
                0x000000000002c8d0                rand_prng_get
 .text.rand_hw_rng_get
                0x000000000002c8f4       0x44 build/light_switch_server_nrf52840_xxAA_s140_7.2.0_Release/obj/rand.o
                0x000000000002c8f4                rand_hw_rng_get
 .text.rand_prng_seed
                0x000000000002c938       0x34 build/light_switch_server_nrf52840_xxAA_s140_7.2.0_Release/obj/rand.o
                0x000000000002c938                rand_prng_seed
 .text.mesh_opt_init
                0x000000000002c96c        0x2 build/light_switch_server_nrf52840_xxAA_s140_7.2.0_Release/obj/mesh_opt.o
                0x000000000002c96c                mesh_opt_init
 .text.mesh_opt_clear
                0x000000000002c96e        0x6 build/light_switch_server_nrf52840_xxAA_s140_7.2.0_Release/obj/mesh_opt.o
                0x000000000002c96e                mesh_opt_clear
 .text.sd_radio_session_open
                0x000000000002c974        0x4 build/light_switch_server_nrf52840_xxAA_s140_7.2.0_Release/obj/timeslot.o
 .text.sd_radio_session_close
                0x000000000002c978        0x4 build/light_switch_server_nrf52840_xxAA_s140_7.2.0_Release/obj/timeslot.o
 .text.sd_radio_request
                0x000000000002c97c        0x4 build/light_switch_server_nrf52840_xxAA_s140_7.2.0_Release/obj/timeslot.o
 .text.end_timer_handler
                0x000000000002c980       0x28 build/light_switch_server_nrf52840_xxAA_s140_7.2.0_Release/obj/timeslot.o
 .text.get_end_time.constprop.0
                0x000000000002c9a8       0x28 build/light_switch_server_nrf52840_xxAA_s140_7.2.0_Release/obj/timeslot.o
 .text.on_ts_begin.constprop.0
                0x000000000002c9d0       0x44 build/light_switch_server_nrf52840_xxAA_s140_7.2.0_Release/obj/timeslot.o
 .text.handle_extend_end.constprop.0
                0x000000000002ca14       0x88 build/light_switch_server_nrf52840_xxAA_s140_7.2.0_Release/obj/timeslot.o
 .text.radio_signal_callback
                0x000000000002ca9c      0x128 build/light_switch_server_nrf52840_xxAA_s140_7.2.0_Release/obj/timeslot.o
 .text.timeslot_sd_event_handler
                0x000000000002cbc4       0x60 build/light_switch_server_nrf52840_xxAA_s140_7.2.0_Release/obj/timeslot.o
                0x000000000002cbc4                timeslot_sd_event_handler
 .text.timeslot_init
                0x000000000002cc24       0x50 build/light_switch_server_nrf52840_xxAA_s140_7.2.0_Release/obj/timeslot.o
                0x000000000002cc24                timeslot_init
 .text.timeslot_start
                0x000000000002cc74       0x44 build/light_switch_server_nrf52840_xxAA_s140_7.2.0_Release/obj/timeslot.o
                0x000000000002cc74                timeslot_start
 .text.timeslot_end_is_pending
                0x000000000002ccb8       0x28 build/light_switch_server_nrf52840_xxAA_s140_7.2.0_Release/obj/timeslot.o
                0x000000000002ccb8                timeslot_end_is_pending
 .text.timeslot_length_get
                0x000000000002cce0        0xc build/light_switch_server_nrf52840_xxAA_s140_7.2.0_Release/obj/timeslot.o
                0x000000000002cce0                timeslot_length_get
 .text.timeslot_remaining_time_get
                0x000000000002ccec       0x20 build/light_switch_server_nrf52840_xxAA_s140_7.2.0_Release/obj/timeslot.o
                0x000000000002ccec                timeslot_remaining_time_get
 .text.timeslot_is_in_ts
                0x000000000002cd0c        0xc build/light_switch_server_nrf52840_xxAA_s140_7.2.0_Release/obj/timeslot.o
                0x000000000002cd0c                timeslot_is_in_ts
 .text.timeslot_is_in_cb
                0x000000000002cd18        0xc build/light_switch_server_nrf52840_xxAA_s140_7.2.0_Release/obj/timeslot.o
                0x000000000002cd18                timeslot_is_in_cb
 .text.timeslot_session_is_active
                0x000000000002cd24       0x10 build/light_switch_server_nrf52840_xxAA_s140_7.2.0_Release/obj/timeslot.o
                0x000000000002cd24                timeslot_session_is_active
 .text.timeslot_trigger
                0x000000000002cd34       0x24 build/light_switch_server_nrf52840_xxAA_s140_7.2.0_Release/obj/timeslot.o
                0x000000000002cd34                timeslot_trigger
 .text.timeslot_stop
                0x000000000002cd58       0x1c build/light_switch_server_nrf52840_xxAA_s140_7.2.0_Release/obj/timeslot.o
                0x000000000002cd58                timeslot_stop
 .text.timeslot_restart
                0x000000000002cd74       0x20 build/light_switch_server_nrf52840_xxAA_s140_7.2.0_Release/obj/timeslot.o
                0x000000000002cd74                timeslot_restart
 .text.timeslot_state_lock
                0x000000000002cd94       0x20 build/light_switch_server_nrf52840_xxAA_s140_7.2.0_Release/obj/timeslot.o
                0x000000000002cd94                timeslot_state_lock
 .text.timer_mut_unlock
                0x000000000002cdb4       0x10 build/light_switch_server_nrf52840_xxAA_s140_7.2.0_Release/obj/timeslot_timer.o
 .text.ts_timer_order_cb
                0x000000000002cdc4       0x68 build/light_switch_server_nrf52840_xxAA_s140_7.2.0_Release/obj/timeslot_timer.o
                0x000000000002cdc4                ts_timer_order_cb
 .text.ts_timer_now
                0x000000000002ce2c       0x40 build/light_switch_server_nrf52840_xxAA_s140_7.2.0_Release/obj/timeslot_timer.o
                0x000000000002ce2c                ts_timer_now
 .text.ts_timer_event_handler
                0x000000000002ce6c       0x6c build/light_switch_server_nrf52840_xxAA_s140_7.2.0_Release/obj/timeslot_timer.o
                0x000000000002ce6c                ts_timer_event_handler
 .text.ts_timer_to_device_time
                0x000000000002ced8        0xc build/light_switch_server_nrf52840_xxAA_s140_7.2.0_Release/obj/timeslot_timer.o
                0x000000000002ced8                ts_timer_to_device_time
 .text.ts_timer_on_ts_begin
                0x000000000002cee4       0x64 build/light_switch_server_nrf52840_xxAA_s140_7.2.0_Release/obj/timeslot_timer.o
                0x000000000002cee4                ts_timer_on_ts_begin
 .text.ts_timer_on_ts_end
                0x000000000002cf48       0x48 build/light_switch_server_nrf52840_xxAA_s140_7.2.0_Release/obj/timeslot_timer.o
                0x000000000002cf48                ts_timer_on_ts_end
 .text.trigger_event_handler
                0x000000000002cf90       0x1c build/light_switch_server_nrf52840_xxAA_s140_7.2.0_Release/obj/bearer_event.o
 .text.bearer_event_init
                0x000000000002cfac       0x58 build/light_switch_server_nrf52840_xxAA_s140_7.2.0_Release/obj/bearer_event.o
                0x000000000002cfac                bearer_event_init
 .text.bearer_event_start
                0x000000000002d004       0x44 build/light_switch_server_nrf52840_xxAA_s140_7.2.0_Release/obj/bearer_event.o
                0x000000000002d004                bearer_event_start
 .text.bearer_event_critical_section_begin
                0x000000000002d048       0x80 build/light_switch_server_nrf52840_xxAA_s140_7.2.0_Release/obj/bearer_event.o
                0x000000000002d048                bearer_event_critical_section_begin
 .text.bearer_event_critical_section_end
                0x000000000002d0c8       0x60 build/light_switch_server_nrf52840_xxAA_s140_7.2.0_Release/obj/bearer_event.o
                0x000000000002d0c8                bearer_event_critical_section_end
 .text.bearer_event_flag_add
                0x000000000002d128       0x3c build/light_switch_server_nrf52840_xxAA_s140_7.2.0_Release/obj/bearer_event.o
                0x000000000002d128                bearer_event_flag_add
 .text.bearer_event_flag_set
                0x000000000002d164       0x44 build/light_switch_server_nrf52840_xxAA_s140_7.2.0_Release/obj/bearer_event.o
                0x000000000002d164                bearer_event_flag_set
 .text.bearer_event_sequential_add
                0x000000000002d1a8       0x2e build/light_switch_server_nrf52840_xxAA_s140_7.2.0_Release/obj/bearer_event.o
                0x000000000002d1a8                bearer_event_sequential_add
 *fill*         0x000000000002d1d6        0x2 
 .text.bearer_event_sequential_post
                0x000000000002d1d8       0x44 build/light_switch_server_nrf52840_xxAA_s140_7.2.0_Release/obj/bearer_event.o
                0x000000000002d1d8                bearer_event_sequential_post
 .text.bearer_event_sequential_pending
                0x000000000002d21c       0x10 build/light_switch_server_nrf52840_xxAA_s140_7.2.0_Release/obj/bearer_event.o
                0x000000000002d21c                bearer_event_sequential_pending
 .text.bearer_event_handler
                0x000000000002d22c       0xec build/light_switch_server_nrf52840_xxAA_s140_7.2.0_Release/obj/bearer_event.o
                0x000000000002d22c                bearer_event_handler
 .text.QDEC_IRQHandler
                0x000000000002d318        0x4 build/light_switch_server_nrf52840_xxAA_s140_7.2.0_Release/obj/bearer_event.o
                0x000000000002d318                QDEC_IRQHandler
 .text.bearer_event_in_correct_irq_priority
                0x000000000002d31c       0x74 build/light_switch_server_nrf52840_xxAA_s140_7.2.0_Release/obj/bearer_event.o
                0x000000000002d31c                bearer_event_in_correct_irq_priority
 .text.sd_ecb_block_encrypt
                0x000000000002d390        0x4 build/light_switch_server_nrf52840_xxAA_s140_7.2.0_Release/obj/enc.o
 .text.enc_aes_encrypt
                0x000000000002d394       0x5a build/light_switch_server_nrf52840_xxAA_s140_7.2.0_Release/obj/enc.o
                0x000000000002d394                enc_aes_encrypt
 .text.enc_aes_cmac
                0x000000000002d3ee        0x4 build/light_switch_server_nrf52840_xxAA_s140_7.2.0_Release/obj/enc.o
                0x000000000002d3ee                enc_aes_cmac
 .text.enc_aes_ccm_encrypt
                0x000000000002d3f2        0x4 build/light_switch_server_nrf52840_xxAA_s140_7.2.0_Release/obj/enc.o
                0x000000000002d3f2                enc_aes_ccm_encrypt
 .text.enc_aes_ccm_decrypt
                0x000000000002d3f6        0x4 build/light_switch_server_nrf52840_xxAA_s140_7.2.0_Release/obj/enc.o
                0x000000000002d3f6                enc_aes_ccm_decrypt
 .text.enc_nonce_generate
                0x000000000002d3fa       0xb6 build/light_switch_server_nrf52840_xxAA_s140_7.2.0_Release/obj/enc.o
                0x000000000002d3fa                enc_nonce_generate
 .text.enc_s1   0x000000000002d4b0       0x2c build/light_switch_server_nrf52840_xxAA_s140_7.2.0_Release/obj/enc.o
                0x000000000002d4b0                enc_s1
 .text.enc_k1   0x000000000002d4dc       0x42 build/light_switch_server_nrf52840_xxAA_s140_7.2.0_Release/obj/enc.o
                0x000000000002d4dc                enc_k1
 *fill*         0x000000000002d51e        0x2 
 .text.enc_k2   0x000000000002d520       0xc8 build/light_switch_server_nrf52840_xxAA_s140_7.2.0_Release/obj/enc.o
                0x000000000002d520                enc_k2
 .text.enc_k3   0x000000000002d5e8       0x5c build/light_switch_server_nrf52840_xxAA_s140_7.2.0_Release/obj/enc.o
                0x000000000002d5e8                enc_k3
 .text.enc_k4   0x000000000002d644       0x54 build/light_switch_server_nrf52840_xxAA_s140_7.2.0_Release/obj/enc.o
                0x000000000002d644                enc_k4
 .text.allocate_packet
                0x000000000002d698       0x6e build/light_switch_server_nrf52840_xxAA_s140_7.2.0_Release/obj/network.o
 *fill*         0x000000000002d706        0x2 
 .text.network_init
                0x000000000002d708       0x1c build/light_switch_server_nrf52840_xxAA_s140_7.2.0_Release/obj/network.o
                0x000000000002d708                network_init
 .text.network_enable
                0x000000000002d724        0xe build/light_switch_server_nrf52840_xxAA_s140_7.2.0_Release/obj/network.o
                0x000000000002d724                network_enable
 .text.network_packet_alloc
                0x000000000002d732       0x42 build/light_switch_server_nrf52840_xxAA_s140_7.2.0_Release/obj/network.o
                0x000000000002d732                network_packet_alloc
 .text.network_packet_send
                0x000000000002d774       0xcc build/light_switch_server_nrf52840_xxAA_s140_7.2.0_Release/obj/network.o
                0x000000000002d774                network_packet_send
 .text.network_packet_in
                0x000000000002d840      0x298 build/light_switch_server_nrf52840_xxAA_s140_7.2.0_Release/obj/network.o
                0x000000000002d840                network_packet_in
 .text.nonce_type_get
                0x000000000002dad8       0x16 build/light_switch_server_nrf52840_xxAA_s140_7.2.0_Release/obj/net_packet.o
 .text.header_transfuscate
                0x000000000002daee       0x5a build/light_switch_server_nrf52840_xxAA_s140_7.2.0_Release/obj/net_packet.o
 .text.try_decrypt
                0x000000000002db48      0x168 build/light_switch_server_nrf52840_xxAA_s140_7.2.0_Release/obj/net_packet.o
 .text.net_packet_decrypt
                0x000000000002dcb0       0xa0 build/light_switch_server_nrf52840_xxAA_s140_7.2.0_Release/obj/net_packet.o
                0x000000000002dcb0                net_packet_decrypt
 .text.net_packet_encrypt
                0x000000000002dd50       0x7e build/light_switch_server_nrf52840_xxAA_s140_7.2.0_Release/obj/net_packet.o
                0x000000000002dd50                net_packet_encrypt
 .text.net_packet_header_set
                0x000000000002ddce       0x8c build/light_switch_server_nrf52840_xxAA_s140_7.2.0_Release/obj/net_packet.o
                0x000000000002ddce                net_packet_header_set
 .text.net_packet_payload_len_get
                0x000000000002de5a       0x10 build/light_switch_server_nrf52840_xxAA_s140_7.2.0_Release/obj/net_packet.o
                0x000000000002de5a                net_packet_payload_len_get
 .text.net_packet_from_payload
                0x000000000002de6a        0x4 build/light_switch_server_nrf52840_xxAA_s140_7.2.0_Release/obj/net_packet.o
                0x000000000002de6a                net_packet_from_payload
 .text.net_packet_payload_get
                0x000000000002de6e        0x4 build/light_switch_server_nrf52840_xxAA_s140_7.2.0_Release/obj/net_packet.o
                0x000000000002de6e                net_packet_payload_get
 .text.net_packet_obfuscation_start_get
                0x000000000002de72        0x4 build/light_switch_server_nrf52840_xxAA_s140_7.2.0_Release/obj/net_packet.o
                0x000000000002de72                net_packet_obfuscation_start_get
 .text.stage_get_available
                0x000000000002de76       0x24 build/light_switch_server_nrf52840_xxAA_s140_7.2.0_Release/obj/msqueue.o
 .text.msq_get  0x000000000002de9a       0x38 build/light_switch_server_nrf52840_xxAA_s140_7.2.0_Release/obj/msqueue.o
                0x000000000002de9a                msq_get
 .text.msq_move
                0x000000000002ded2       0x2e build/light_switch_server_nrf52840_xxAA_s140_7.2.0_Release/obj/msqueue.o
                0x000000000002ded2                msq_move
 .text.msq_reset
                0x000000000002df00       0x20 build/light_switch_server_nrf52840_xxAA_s140_7.2.0_Release/obj/msqueue.o
                0x000000000002df00                msq_reset
 .text.msq_init
                0x000000000002df20       0x48 build/light_switch_server_nrf52840_xxAA_s140_7.2.0_Release/obj/msqueue.o
                0x000000000002df20                msq_init
 .text.msq_available
                0x000000000002df68       0x26 build/light_switch_server_nrf52840_xxAA_s140_7.2.0_Release/obj/msqueue.o
                0x000000000002df68                msq_available
 .text.nrf_mesh_keygen_aid
                0x000000000002df8e       0x12 build/light_switch_server_nrf52840_xxAA_s140_7.2.0_Release/obj/nrf_mesh_keygen.o
                0x000000000002df8e                nrf_mesh_keygen_aid
 .text.nrf_mesh_keygen_network_secmat
                0x000000000002dfa0       0x22 build/light_switch_server_nrf52840_xxAA_s140_7.2.0_Release/obj/nrf_mesh_keygen.o
                0x000000000002dfa0                nrf_mesh_keygen_network_secmat
 .text.nrf_mesh_keygen_friendship_secmat
                0x000000000002dfc2       0x44 build/light_switch_server_nrf52840_xxAA_s140_7.2.0_Release/obj/nrf_mesh_keygen.o
                0x000000000002dfc2                nrf_mesh_keygen_friendship_secmat
 *fill*         0x000000000002e006        0x2 
 .text.nrf_mesh_keygen_beacon_secmat
                0x000000000002e008       0x50 build/light_switch_server_nrf52840_xxAA_s140_7.2.0_Release/obj/nrf_mesh_keygen.o
                0x000000000002e008                nrf_mesh_keygen_beacon_secmat
 .text.nrf_mesh_keygen_identitykey
                0x000000000002e058       0x4c build/light_switch_server_nrf52840_xxAA_s140_7.2.0_Release/obj/nrf_mesh_keygen.o
                0x000000000002e058                nrf_mesh_keygen_identitykey
 .text.nrf_mesh_keygen_virtual_address
                0x000000000002e0a4       0x50 build/light_switch_server_nrf52840_xxAA_s140_7.2.0_Release/obj/nrf_mesh_keygen.o
                0x000000000002e0a4                nrf_mesh_keygen_virtual_address
 .text.erase_at
                0x000000000002e0f4       0x20 build/light_switch_server_nrf52840_xxAA_s140_7.2.0_Release/obj/cache.o
 .text.cache_init
                0x000000000002e114       0x1e build/light_switch_server_nrf52840_xxAA_s140_7.2.0_Release/obj/cache.o
                0x000000000002e114                cache_init
 .text.cache_has_elem
                0x000000000002e132       0x40 build/light_switch_server_nrf52840_xxAA_s140_7.2.0_Release/obj/cache.o
                0x000000000002e132                cache_has_elem
 .text.cache_put
                0x000000000002e172       0x2e build/light_switch_server_nrf52840_xxAA_s140_7.2.0_Release/obj/cache.o
                0x000000000002e172                cache_put
 .text.list_insert
                0x000000000002e1a0       0x1c build/light_switch_server_nrf52840_xxAA_s140_7.2.0_Release/obj/list.o
 .text.list_add
                0x000000000002e1bc       0x42 build/light_switch_server_nrf52840_xxAA_s140_7.2.0_Release/obj/list.o
                0x000000000002e1bc                list_add
 .text.list_remove
                0x000000000002e1fe       0x3a build/light_switch_server_nrf52840_xxAA_s140_7.2.0_Release/obj/list.o
                0x000000000002e1fe                list_remove
 .text.list_compare_add
                0x000000000002e238       0x56 build/light_switch_server_nrf52840_xxAA_s140_7.2.0_Release/obj/list.o
                0x000000000002e238                list_compare_add
 *fill*         0x000000000002e28e        0x2 
 .text.log_callback_rtt
                0x000000000002e290       0x2c build/light_switch_server_nrf52840_xxAA_s140_7.2.0_Release/obj/log.o
                0x000000000002e290                log_callback_rtt
 .text.log_init
                0x000000000002e2bc       0x1c build/light_switch_server_nrf52840_xxAA_s140_7.2.0_Release/obj/log.o
                0x000000000002e2bc                log_init
 .text.log_vprintf
                0x000000000002e2d8       0x18 build/light_switch_server_nrf52840_xxAA_s140_7.2.0_Release/obj/log.o
                0x000000000002e2d8                log_vprintf
 .text.log_printf
                0x000000000002e2f0       0x18 build/light_switch_server_nrf52840_xxAA_s140_7.2.0_Release/obj/log.o
                0x000000000002e2f0                log_printf
 .text.get_area_end
                0x000000000002e308        0xc build/light_switch_server_nrf52840_xxAA_s140_7.2.0_Release/obj/flash_manager.o
 .text.handle_matches_filter
                0x000000000002e314       0x26 build/light_switch_server_nrf52840_xxAA_s140_7.2.0_Release/obj/flash_manager.o
 *fill*         0x000000000002e33a        0x2 
 .text.get_packet_buffer
                0x000000000002e33c       0x20 build/light_switch_server_nrf52840_xxAA_s140_7.2.0_Release/obj/flash_manager.o
 .text.flash    0x000000000002e35c       0x1c build/light_switch_server_nrf52840_xxAA_s140_7.2.0_Release/obj/flash_manager.o
 .text.free_packet_buffer
                0x000000000002e378       0x3c build/light_switch_server_nrf52840_xxAA_s140_7.2.0_Release/obj/flash_manager.o
 .text.reserve_action_buffer
                0x000000000002e3b4       0x24 build/light_switch_server_nrf52840_xxAA_s140_7.2.0_Release/obj/flash_manager.o
 .text.commit_action_buffer
                0x000000000002e3d8       0x18 build/light_switch_server_nrf52840_xxAA_s140_7.2.0_Release/obj/flash_manager.o
 .text.schedule_processing
                0x000000000002e3f0        0xc build/light_switch_server_nrf52840_xxAA_s140_7.2.0_Release/obj/flash_manager.o
 .text.get_next_entry
                0x000000000002e3fc       0x38 build/light_switch_server_nrf52840_xxAA_s140_7.2.0_Release/obj/flash_manager.o
 .text.get_last_entry
                0x000000000002e434       0x30 build/light_switch_server_nrf52840_xxAA_s140_7.2.0_Release/obj/flash_manager.o
 .text.recover_seal
                0x000000000002e464       0x56 build/light_switch_server_nrf52840_xxAA_s140_7.2.0_Release/obj/flash_manager.o
 *fill*         0x000000000002e4ba        0x2 
 .text.process_action_queue
                0x000000000002e4bc      0x3e0 build/light_switch_server_nrf52840_xxAA_s140_7.2.0_Release/obj/flash_manager.o
 .text.flash_op_ended_callback
                0x000000000002e89c       0x24 build/light_switch_server_nrf52840_xxAA_s140_7.2.0_Release/obj/flash_manager.o
 .text.flash_manager_init
                0x000000000002e8c0       0x68 build/light_switch_server_nrf52840_xxAA_s140_7.2.0_Release/obj/flash_manager.o
                0x000000000002e8c0                flash_manager_init
 .text.flash_manager_remove
                0x000000000002e928       0x2e build/light_switch_server_nrf52840_xxAA_s140_7.2.0_Release/obj/flash_manager.o
                0x000000000002e928                flash_manager_remove
 .text.flash_manager_entries_read
                0x000000000002e956       0xf6 build/light_switch_server_nrf52840_xxAA_s140_7.2.0_Release/obj/flash_manager.o
                0x000000000002e956                flash_manager_entries_read
 .text.flash_manager_entry_count_get
                0x000000000002ea4c       0x20 build/light_switch_server_nrf52840_xxAA_s140_7.2.0_Release/obj/flash_manager.o
                0x000000000002ea4c                flash_manager_entry_count_get
 .text.flash_manager_entry_alloc
                0x000000000002ea6c       0x72 build/light_switch_server_nrf52840_xxAA_s140_7.2.0_Release/obj/flash_manager.o
                0x000000000002ea6c                flash_manager_entry_alloc
 *fill*         0x000000000002eade        0x2 
 .text.flash_manager_entry_commit
                0x000000000002eae0       0x2c build/light_switch_server_nrf52840_xxAA_s140_7.2.0_Release/obj/flash_manager.o
                0x000000000002eae0                flash_manager_entry_commit
 .text.flash_manager_entry_invalidate
                0x000000000002eb0c       0x4e build/light_switch_server_nrf52840_xxAA_s140_7.2.0_Release/obj/flash_manager.o
                0x000000000002eb0c                flash_manager_entry_invalidate
 *fill*         0x000000000002eb5a        0x2 
 .text.flash_manager_add
                0x000000000002eb5c      0x248 build/light_switch_server_nrf52840_xxAA_s140_7.2.0_Release/obj/flash_manager.o
                0x000000000002eb5c                flash_manager_add
 .text.flash_manager_mem_listener_register
                0x000000000002eda4       0x30 build/light_switch_server_nrf52840_xxAA_s140_7.2.0_Release/obj/flash_manager.o
                0x000000000002eda4                flash_manager_mem_listener_register
 .text.flash_manager_is_stable
                0x000000000002edd4       0x20 build/light_switch_server_nrf52840_xxAA_s140_7.2.0_Release/obj/flash_manager.o
                0x000000000002edd4                flash_manager_is_stable
 .text.flash_manager_on_defrag_end
                0x000000000002edf4       0x54 build/light_switch_server_nrf52840_xxAA_s140_7.2.0_Release/obj/flash_manager.o
                0x000000000002edf4                flash_manager_on_defrag_end
 .text.flash_manager_recovery_page_get
                0x000000000002ee48        0x4 build/light_switch_server_nrf52840_xxAA_s140_7.2.0_Release/obj/flash_manager.o
                0x000000000002ee48                flash_manager_recovery_page_get
 .text.flash_manager_action_queue_empty_cb_set
                0x000000000002ee4c       0x1c build/light_switch_server_nrf52840_xxAA_s140_7.2.0_Release/obj/flash_manager.o
                0x000000000002ee4c                flash_manager_action_queue_empty_cb_set
 .text.flash_manager_is_building
                0x000000000002ee68        0xa build/light_switch_server_nrf52840_xxAA_s140_7.2.0_Release/obj/flash_manager.o
                0x000000000002ee68                flash_manager_is_building
 .text.flash_manager_is_removing
                0x000000000002ee72        0xa build/light_switch_server_nrf52840_xxAA_s140_7.2.0_Release/obj/flash_manager.o
                0x000000000002ee72                flash_manager_is_removing
 .text.utils_xor
                0x000000000002ee7c       0x14 build/light_switch_server_nrf52840_xxAA_s140_7.2.0_Release/obj/ccm_soft.o
 .text.sd_ecb_block_encrypt
                0x000000000002ee90        0x4 build/light_switch_server_nrf52840_xxAA_s140_7.2.0_Release/obj/ccm_soft.o
 .text.ccm_soft_crypt
                0x000000000002ee94       0x4e build/light_switch_server_nrf52840_xxAA_s140_7.2.0_Release/obj/ccm_soft.o
 .text.ccm_soft_authenticate_blocks
                0x000000000002eee2       0x6a build/light_switch_server_nrf52840_xxAA_s140_7.2.0_Release/obj/ccm_soft.o
 .text.ccm_soft_authenticate
                0x000000000002ef4c       0x96 build/light_switch_server_nrf52840_xxAA_s140_7.2.0_Release/obj/ccm_soft.o
 .text.ccm_soft_encrypt
                0x000000000002efe2       0x74 build/light_switch_server_nrf52840_xxAA_s140_7.2.0_Release/obj/ccm_soft.o
                0x000000000002efe2                ccm_soft_encrypt
 .text.ccm_soft_decrypt
                0x000000000002f056       0xc4 build/light_switch_server_nrf52840_xxAA_s140_7.2.0_Release/obj/ccm_soft.o
                0x000000000002f056                ccm_soft_decrypt
 .text.transport_sar_first_seq_num_get
                0x000000000002f11a       0x12 build/light_switch_server_nrf52840_xxAA_s140_7.2.0_Release/obj/replay_cache.o
 .text.seqzero_cache_getter
                0x000000000002f12c       0x28 build/light_switch_server_nrf52840_xxAA_s140_7.2.0_Release/obj/replay_cache.o
 .text.seqzero_cache_setter
                0x000000000002f154       0x2c build/light_switch_server_nrf52840_xxAA_s140_7.2.0_Release/obj/replay_cache.o
 .text.iv_index_get
                0x000000000002f180       0x34 build/light_switch_server_nrf52840_xxAA_s140_7.2.0_Release/obj/replay_cache.o
 .text.seqauth_is_new
                0x000000000002f1b4       0x60 build/light_switch_server_nrf52840_xxAA_s140_7.2.0_Release/obj/replay_cache.o
 .text.replay_cache_getter
                0x000000000002f214       0x2c build/light_switch_server_nrf52840_xxAA_s140_7.2.0_Release/obj/replay_cache.o
 .text.entry_add
                0x000000000002f240       0xec build/light_switch_server_nrf52840_xxAA_s140_7.2.0_Release/obj/replay_cache.o
 .text.evt_handler
                0x000000000002f32c       0xc0 build/light_switch_server_nrf52840_xxAA_s140_7.2.0_Release/obj/replay_cache.o
 .text.replay_cache_setter
                0x000000000002f3ec       0x44 build/light_switch_server_nrf52840_xxAA_s140_7.2.0_Release/obj/replay_cache.o
 .text.replay_cache_init
                0x000000000002f430       0x40 build/light_switch_server_nrf52840_xxAA_s140_7.2.0_Release/obj/replay_cache.o
                0x000000000002f430                replay_cache_init
 .text.replay_cache_enable
                0x000000000002f470       0x1c build/light_switch_server_nrf52840_xxAA_s140_7.2.0_Release/obj/replay_cache.o
                0x000000000002f470                replay_cache_enable
 .text.replay_cache_add
                0x000000000002f48c        0x6 build/light_switch_server_nrf52840_xxAA_s140_7.2.0_Release/obj/replay_cache.o
                0x000000000002f48c                replay_cache_add
 *fill*         0x000000000002f492        0x2 
 .text.replay_cache_seqauth_add
                0x000000000002f494       0x74 build/light_switch_server_nrf52840_xxAA_s140_7.2.0_Release/obj/replay_cache.o
                0x000000000002f494                replay_cache_seqauth_add
 .text.replay_cache_has_elem
                0x000000000002f508       0x50 build/light_switch_server_nrf52840_xxAA_s140_7.2.0_Release/obj/replay_cache.o
                0x000000000002f508                replay_cache_has_elem
 .text.replay_cache_has_seqauth
                0x000000000002f558       0x60 build/light_switch_server_nrf52840_xxAA_s140_7.2.0_Release/obj/replay_cache.o
                0x000000000002f558                replay_cache_has_seqauth
 .text.replay_cache_is_seqauth_last
                0x000000000002f5b8       0x8c build/light_switch_server_nrf52840_xxAA_s140_7.2.0_Release/obj/replay_cache.o
                0x000000000002f5b8                replay_cache_is_seqauth_last
 .text.replay_cache_clear
                0x000000000002f644       0x34 build/light_switch_server_nrf52840_xxAA_s140_7.2.0_Release/obj/replay_cache.o
                0x000000000002f644                replay_cache_clear
 .text.beacon_packet_in.part.0
                0x000000000002f678       0xd8 build/light_switch_server_nrf52840_xxAA_s140_7.2.0_Release/obj/beacon.o
 .text.beacon_packet_in
                0x000000000002f750       0x26 build/light_switch_server_nrf52840_xxAA_s140_7.2.0_Release/obj/beacon.o
 .text.beacon_create
                0x000000000002f776       0x40 build/light_switch_server_nrf52840_xxAA_s140_7.2.0_Release/obj/beacon.o
                0x000000000002f776                beacon_create
 *fill*         0x000000000002f7b6        0x2 
 .text.entry_get
                0x000000000002f7b8       0x78 build/light_switch_server_nrf52840_xxAA_s140_7.2.0_Release/obj/flash_manager_internal.o
                0x000000000002f7b8                entry_get
 .text.core_tx_complete_cb_set